next viewport 1440 900
dialogue, stable button, viewport {'width': 1440, 'height': 900, 'geometry': {'left': 1008, 'top': 162, 'right': 1418, 'bottom': 769.203125, 'overflow': 0}}
potion real WebSocket and completion {'width': 1440, 'height': 900}
reopen completed scene, no duplicate reward {'width': 1440, 'height': 900}
cleanup: page
cleanup: tasks
cleanup: sockets
cleanup: done
next viewport 390 844
Task exception was never retrieved
future: <Task finished name='Task-133' coro=<Channel.send() done, defined at /opt/pyvenv/lib/python3.13/site-packages/playwright/_impl/_connection.py:61> exception=TargetClosedError('Channel.send: Target page, context or browser has been closed')>
Traceback (most recent call last):
  File "/opt/pyvenv/lib/python3.13/site-packages/playwright/_impl/_connection.py", line 69, in send
    return await self._connection.wrap_api_call(
           ^^^^^^^^^^^^^^^^^^^^^^^^^^^^^^^^^^^^^
    ...<3 lines>...
    )
    ^
  File "/opt/pyvenv/lib/python3.13/site-packages/playwright/_impl/_connection.py", line 559, in wrap_api_call
    raise rewrite_error(error, f"{parsed_st['apiName']}: {error}") from None
playwright._impl._errors.TargetClosedError: Channel.send: Target page, context or browser has been closed
Task exception was never retrieved
future: <Task finished name='Task-134' coro=<Channel.send() done, defined at /opt/pyvenv/lib/python3.13/site-packages/playwright/_impl/_connection.py:61> exception=TargetClosedError('Channel.send: Target page, context or browser has been closed')>
Traceback (most recent call last):
  File "/opt/pyvenv/lib/python3.13/site-packages/playwright/_impl/_connection.py", line 69, in send
    return await self._connection.wrap_api_call(
           ^^^^^^^^^^^^^^^^^^^^^^^^^^^^^^^^^^^^^
    ...<3 lines>...
    )
    ^
  File "/opt/pyvenv/lib/python3.13/site-packages/playwright/_impl/_connection.py", line 559, in wrap_api_call
    raise rewrite_error(error, f"{parsed_st['apiName']}: {error}") from None
playwright._impl._errors.TargetClosedError: Channel.send: Target page, context or browser has been closed
dialogue, stable button, viewport {'width': 390, 'height': 844, 'geometry': {'left': 10, 'top': 143.71875, 'right': 380, 'bottom': 724, 'overflow': 0}}
potion real WebSocket and completion {'width': 390, 'height': 844}
reopen completed scene, no duplicate reward {'width': 390, 'height': 844}
cleanup: page
cleanup: tasks
cleanup: sockets
cleanup: done
next viewport 320 568
dialogue, stable button, viewport {'width': 320, 'height': 568, 'geometry': {'left': 10, 'top': 50, 'right': 310, 'bottom': 473, 'overflow': 0}}
potion real WebSocket and completion {'width': 320, 'height': 568}
reopen completed scene, no duplicate reward {'width': 320, 'height': 568}
cleanup: page
cleanup: tasks
cleanup: sockets
cleanup: done
next viewport 844 390
Task exception was never retrieved
future: <Task finished name='Task-351' coro=<Channel.send() done, defined at /opt/pyvenv/lib/python3.13/site-packages/playwright/_impl/_connection.py:61> exception=TargetClosedError('Channel.send: Target page, context or browser has been closed')>
Traceback (most recent call last):
  File "/opt/pyvenv/lib/python3.13/site-packages/playwright/_impl/_connection.py", line 69, in send
    return await self._connection.wrap_api_call(
           ^^^^^^^^^^^^^^^^^^^^^^^^^^^^^^^^^^^^^
    ...<3 lines>...
    )
    ^
  File "/opt/pyvenv/lib/python3.13/site-packages/playwright/_impl/_connection.py", line 559, in wrap_api_call
    raise rewrite_error(error, f"{parsed_st['apiName']}: {error}") from None
playwright._impl._errors.TargetClosedError: Channel.send: Target page, context or browser has been closed
Task exception was never retrieved
future: <Task finished name='Task-352' coro=<Channel.send() done, defined at /opt/pyvenv/lib/python3.13/site-packages/playwright/_impl/_connection.py:61> exception=TargetClosedError('Channel.send: Target page, context or browser has been closed')>
Traceback (most recent call last):
  File "/opt/pyvenv/lib/python3.13/site-packages/playwright/_impl/_connection.py", line 69, in send
    return await self._connection.wrap_api_call(
           ^^^^^^^^^^^^^^^^^^^^^^^^^^^^^^^^^^^^^
    ...<3 lines>...
    )
    ^
  File "/opt/pyvenv/lib/python3.13/site-packages/playwright/_impl/_connection.py", line 559, in wrap_api_call
    raise rewrite_error(error, f"{parsed_st['apiName']}: {error}") from None
playwright._impl._errors.TargetClosedError: Channel.send: Target page, context or browser has been closed
dialogue, stable button, viewport {'width': 844, 'height': 390, 'geometry': {'left': 374, 'top': 12, 'right': 744, 'bottom': 372, 'overflow': 0}}
potion real WebSocket and completion {'width': 844, 'height': 390}
reopen completed scene, no duplicate reward {'width': 844, 'height': 390}
cleanup: page
cleanup: tasks
cleanup: sockets
cleanup: done
E opens real scene {'scene': 'scout_first_aid'}
healing spell receipt in dialogue {}
cleanup: page
cleanup: tasks
cleanup: sockets
cleanup: done
Task exception was never retrieved
future: <Task finished name='Task-519' coro=<Channel.send() done, defined at /opt/pyvenv/lib/python3.13/site-packages/playwright/_impl/_connection.py:61> exception=TargetClosedError('Channel.send: Target page, context or browser has been closed')>
Traceback (most recent call last):
  File "/opt/pyvenv/lib/python3.13/site-packages/playwright/_impl/_connection.py", line 69, in send
    return await self._connection.wrap_api_call(
           ^^^^^^^^^^^^^^^^^^^^^^^^^^^^^^^^^^^^^
    ...<3 lines>...
    )
    ^
  File "/opt/pyvenv/lib/python3.13/site-packages/playwright/_impl/_connection.py", line 559, in wrap_api_call
    raise rewrite_error(error, f"{parsed_st['apiName']}: {error}") from None
playwright._impl._errors.TargetClosedError: Channel.send: Target page, context or browser has been closed
Task exception was never retrieved
future: <Task finished name='Task-520' coro=<Channel.send() done, defined at /opt/pyvenv/lib/python3.13/site-packages/playwright/_impl/_connection.py:61> exception=TargetClosedError('Channel.send: Target page, context or browser has been closed')>
Traceback (most recent call last):
  File "/opt/pyvenv/lib/python3.13/site-packages/playwright/_impl/_connection.py", line 69, in send
    return await self._connection.wrap_api_call(
           ^^^^^^^^^^^^^^^^^^^^^^^^^^^^^^^^^^^^^
    ...<3 lines>...
    )
    ^
  File "/opt/pyvenv/lib/python3.13/site-packages/playwright/_impl/_connection.py", line 559, in wrap_api_call
    raise rewrite_error(error, f"{parsed_st['apiName']}: {error}") from None
playwright._impl._errors.TargetClosedError: Channel.send: Target page, context or browser has been closed
E opens real scene {'scene': 'mill_tangled_pouch'}
skill check receipt in dialogue {}
cleanup: page
cleanup: tasks
cleanup: sockets
cleanup: done
E opens real scene {'scene': 'guard_extortionist'}
cleanup: page
cleanup: tasks
cleanup: sockets
cleanup: done
Task exception was never retrieved
future: <Task finished name='Task-625' coro=<Channel.send() done, defined at /opt/pyvenv/lib/python3.13/site-packages/playwright/_impl/_connection.py:61> exception=TargetClosedError('Channel.send: Target page, context or browser has been closed')>
Traceback (most recent call last):
  File "/opt/pyvenv/lib/python3.13/site-packages/playwright/_impl/_connection.py", line 69, in send
    return await self._connection.wrap_api_call(
           ^^^^^^^^^^^^^^^^^^^^^^^^^^^^^^^^^^^^^
    ...<3 lines>...
    )
    ^
  File "/opt/pyvenv/lib/python3.13/site-packages/playwright/_impl/_connection.py", line 559, in wrap_api_call
    raise rewrite_error(error, f"{parsed_st['apiName']}: {error}") from None
playwright._impl._errors.TargetClosedError: Channel.send: Target page, context or browser has been closed
Task exception was never retrieved
future: <Task finished name='Task-626' coro=<Channel.send() done, defined at /opt/pyvenv/lib/python3.13/site-packages/playwright/_impl/_connection.py:61> exception=TargetClosedError('Channel.send: Target page, context or browser has been closed')>
Traceback (most recent call last):
  File "/opt/pyvenv/lib/python3.13/site-packages/playwright/_impl/_connection.py", line 69, in send
    return await self._connection.wrap_api_call(
           ^^^^^^^^^^^^^^^^^^^^^^^^^^^^^^^^^^^^^
    ...<3 lines>...
    )
    ^
  File "/opt/pyvenv/lib/python3.13/site-packages/playwright/_impl/_connection.py", line 559, in wrap_api_call
    raise rewrite_error(error, f"{parsed_st['apiName']}: {error}") from None
playwright._impl._errors.TargetClosedError: Channel.send: Target page, context or browser has been closed
E opens real scene {'scene': 'bridge_watch'}
cleanup: page
cleanup: tasks
cleanup: sockets
cleanup: done
E opens real scene {'scene': 'camp_dispatches'}
cleanup: page
cleanup: tasks
cleanup: sockets
cleanup: done
Task exception was never retrieved
future: <Task finished name='Task-728' coro=<Channel.send() done, defined at /opt/pyvenv/lib/python3.13/site-packages/playwright/_impl/_connection.py:61> exception=TargetClosedError('Channel.send: Target page, context or browser has been closed')>
Traceback (most recent call last):
  File "/opt/pyvenv/lib/python3.13/site-packages/playwright/_impl/_connection.py", line 69, in send
    return await self._connection.wrap_api_call(
           ^^^^^^^^^^^^^^^^^^^^^^^^^^^^^^^^^^^^^
    ...<3 lines>...
    )
    ^
  File "/opt/pyvenv/lib/python3.13/site-packages/playwright/_impl/_connection.py", line 559, in wrap_api_call
    raise rewrite_error(error, f"{parsed_st['apiName']}: {error}") from None
playwright._impl._errors.TargetClosedError: Channel.send: Target page, context or browser has been closed
Task exception was never retrieved
future: <Task finished name='Task-729' coro=<Channel.send() done, defined at /opt/pyvenv/lib/python3.13/site-packages/playwright/_impl/_connection.py:61> exception=TargetClosedError('Channel.send: Target page, context or browser has been closed')>
Traceback (most recent call last):
  File "/opt/pyvenv/lib/python3.13/site-packages/playwright/_impl/_connection.py", line 69, in send
    return await self._connection.wrap_api_call(
           ^^^^^^^^^^^^^^^^^^^^^^^^^^^^^^^^^^^^^
    ...<3 lines>...
    )
    ^
  File "/opt/pyvenv/lib/python3.13/site-packages/playwright/_impl/_connection.py", line 559, in wrap_api_call
    raise rewrite_error(error, f"{parsed_st['apiName']}: {error}") from None
playwright._impl._errors.TargetClosedError: Channel.send: Target page, context or browser has been closed
E opens real scene {'scene': 'dawn_arcane_seal'}
cleanup: page
cleanup: tasks
cleanup: sockets
cleanup: done
E opens real scene {'scene': 'grove_herbs'}
cleanup: page
cleanup: tasks
cleanup: sockets
cleanup: done
E opens real scene {'scene': 'birch_pack_animal'}
cleanup: page
cleanup: tasks
cleanup: sockets
cleanup: done
