TAP version 13
# Subtest: fullscreen is requested by a click and browser events synchronize every control
ok 1 - fullscreen is requested by a click and browser events synchronize every control
  ---
  duration_ms: 6.05408
  type: 'test'
  ...
# Subtest: fullscreen denial opens dismissible help, stops movement and permits retry
ok 2 - fullscreen denial opens dismissible help, stops movement and permits retry
  ---
  duration_ms: 4.295305
  type: 'test'
  ...
# Subtest: iPhone without fullscreen receives honest Add to Home Screen instructions
ok 3 - iPhone without fullscreen receives honest Add to Home Screen instructions
  ---
  duration_ms: 1.557797
  type: 'test'
  ...
# Subtest: accepted install prompt does not falsely report completed installation
ok 4 - accepted install prompt does not falsely report completed installation
  ---
  duration_ms: 1.615634
  type: 'test'
  ...
# Subtest: dismissed install consumes the prompt and the next click offers manual help
ok 5 - dismissed install consumes the prompt and the next click offers manual help
  ---
  duration_ms: 1.584207
  type: 'test'
  ...
# Subtest: standalone mode hides install affordances and worker only registers on secure origins
ok 6 - standalone mode hides install affordances and worker only registers on secure origins
  ---
  duration_ms: 2.500384
  type: 'test'
  ...
# Subtest: worker precaches only disconnected page and icons, and preserves unrelated caches
ok 7 - worker precaches only disconnected page and icons, and preserves unrelated caches
  ---
  duration_ms: 6.182009
  type: 'test'
  ...
# Subtest: worker never intercepts game code, API, credential POST or cross-origin requests
ok 8 - worker never intercepts game code, API, credential POST or cross-origin requests
  ---
  duration_ms: 4.084162
  type: 'test'
  ...
# Subtest: navigation loads fresh HTML online and falls back to disconnected page offline
ok 9 - navigation loads fresh HTML online and falls back to disconnected page offline
  ---
  duration_ms: 1.53398
  type: 'test'
  ...
# Subtest: Recovery is available outside combat with an authoritative unspent resource
ok 10 - Recovery is available outside combat with an authoritative unspent resource
  ---
  duration_ms: 1.769298
  type: 'test'
  ...
# Subtest: Recovery cannot start while the server says rest is combat-blocked
ok 11 - Recovery cannot start while the server says rest is combat-blocked
  ---
  duration_ms: 0.383511
  type: 'test'
  ...
# Subtest: A running short or long rest disables the recovery action
ok 12 - A running short or long rest disables the recovery action
  ---
  duration_ms: 0.176877
  type: 'test'
  ...
# Subtest: Full mana disables Recovery
ok 13 - Full mana disables Recovery
  ---
  duration_ms: 0.255217
  type: 'test'
  ...
# Subtest: Fractional missing mana enables Recovery
ok 14 - Fractional missing mana enables Recovery
  ---
  duration_ms: 0.465595
  type: 'test'
  ...
# Subtest: Spent or absent authoritative resource disables Recovery
ok 15 - Spent or absent authoritative resource disables Recovery
  ---
  duration_ms: 0.578573
  type: 'test'
  ...
# Subtest: Only living mage in normal form can use Recovery
ok 16 - Only living mage in normal form can use Recovery
  ---
  duration_ms: 0.248448
  type: 'test'
  ...
# Subtest: A ritual in progress must be cancelled first
ok 17 - A ritual in progress must be cancelled first
  ---
  duration_ms: 0.153939
  type: 'test'
  ...
# Subtest: Concentration and armor alone do not remove the rest recovery resource
ok 18 - Concentration and armor alone do not remove the rest recovery resource
  ---
  duration_ms: 0.910791
  type: 'test'
  ...
# Subtest: Readiness does not mutate client state
ok 19 - Readiness does not mutate client state
  ---
  duration_ms: 0.776185
  type: 'test'
  ...
# Subtest: world view fits the entire rectangular world without cropping
ok 20 - world view fits the entire rectangular world without cropping
  ---
  duration_ms: 4.825182
  type: 'test'
  ...
# Subtest: each left/right zoom doubles/halves bounded camera scale
ok 21 - each left/right zoom doubles/halves bounded camera scale
  ---
  duration_ms: 0.973357
  type: 'test'
  ...
# Subtest: zoom preserves cursor location except when camera reaches border
ok 22 - zoom preserves cursor location except when camera reaches border
  ---
  duration_ms: 0.239178
  type: 'test'
  ...
# Subtest: local camera includes player near world edge
ok 23 - local camera includes player near world edge
  ---
  duration_ms: 21.220646
  type: 'test'
  ...
# Subtest: zero coordinates are not mistaken for missing location
ok 24 - zero coordinates are not mistaken for missing location
  ---
  duration_ms: 0.262285
  type: 'test'
  ...
# Subtest: pan is bounded and does not zoom
ok 25 - pan is bounded and does not zoom
  ---
  duration_ms: 1.169291
  type: 'test'
  ...
# Subtest: all resets persistent camera after zoom and pan
ok 26 - all resets persistent camera after zoom and pan
  ---
  duration_ms: 0.526723
  type: 'test'
  ...
# Subtest: original starter river and its bridge are included along with expanded geometry
ok 27 - original starter river and its bridge are included along with expanded geometry
  ---
  duration_ms: 9.183358
  type: 'test'
  ...
# Subtest: all bridges draw after all water segments
ok 28 - all bridges draw after all water segments
  ---
  duration_ms: 0.549662
  type: 'test'
  ...
# Subtest: missing optional river and expanded geometry safely draw nothing
ok 29 - missing optional river and expanded geometry safely draw nothing
  ---
  duration_ms: 0.535748
  type: 'test'
  ...
# Subtest: projection uses same river coordinates in atlas and minimap
ok 30 - projection uses same river coordinates in atlas and minimap
  ---
  duration_ms: 8.218502
  type: 'test'
  ...
# Subtest: thin river remains at least one screen pixel at world zoom
ok 31 - thin river remains at least one screen pixel at world zoom
  ---
  duration_ms: 0.443582
  type: 'test'
  ...
# Subtest: offscreen river segments do not issue drawing calls on local map
ok 32 - offscreen river segments do not issue drawing calls on local map
  ---
  duration_ms: 0.18754
  type: 'test'
  ...
# Subtest: first druid path does not require a master
ok 33 - first druid path does not require a master
  ---
  duration_ms: 2.083461
  type: 'test'
  ...
# Subtest: reselection requires master
ok 34 - reselection requires master
  ---
  duration_ms: 0.215107
  type: 'test'
  ...
# Subtest: dead, combat, transformed and non-druid cannot pick path
ok 35 - dead, combat, transformed and non-druid cannot pick path
  ---
  duration_ms: 0.456903
  type: 'test'
  ...
# Subtest: simple and martial labels; no third/exotic fallback
ok 36 - simple and martial labels; no third/exotic fallback
  ---
  duration_ms: 0.480242
  type: 'test'
  ...
# Subtest: proficient weapon has no redundant affirmative proficiency row
ok 37 - proficient weapon has no redundant affirmative proficiency row
  ---
  duration_ms: 0.281524
  type: 'test'
  ...
# Subtest: missing weapon training shown once, does not subtract from actual attack twice
ok 38 - missing weapon training shown once, does not subtract from actual attack twice
  ---
  duration_ms: 0.203511
  type: 'test'
  ...
# Subtest: personalized zero spell bonus overrides staff nominal focus bonus for noncasters
ok 39 - personalized zero spell bonus overrides staff nominal focus bonus for noncasters
  ---
  duration_ms: 0.174113
  type: 'test'
  ...
# Subtest: mastery lock independent of proficiency
ok 40 - mastery lock independent of proficiency
  ---
  duration_ms: 0.190647
  type: 'test'
  ...
# Subtest: armor shows actual wearer AC and warns about missing training
ok 41 - armor shows actual wearer AC and warns about missing training
  ---
  duration_ms: 0.461756
  type: 'test'
  ...
# Subtest: untrained shield explicitly denies AC bonus
ok 42 - untrained shield explicitly denies AC bonus
  ---
  duration_ms: 0.756744
  type: 'test'
  ...
# Subtest: tooltip text remains text not injected HTML
ok 43 - tooltip text remains text not injected HTML
  ---
  duration_ms: 1.103488
  type: 'test'
  ...
# Subtest: shared staff and bow artwork follows type rather than former class restriction
ok 44 - shared staff and bow artwork follows type rather than former class restriction
  ---
  duration_ms: 0.307396
  type: 'test'
  ...
# Subtest: untrained armor warning renders the message, not its CSS class
ok 45 - untrained armor warning renders the message, not its CSS class
  ---
  duration_ms: 0.397656
  type: 'test'
  ...
# Subtest: field geometry keeps authoritative square, circle and wind dimensions
ok 46 - field geometry keeps authoritative square, circle and wind dimensions
  ---
  duration_ms: 1.983581
  type: 'test'
  ...
# Subtest: all ten families render finite commands with balanced state and clipped interiors
ok 47 - all ten families render finite commands with balanced state and clipped interiors
  ---
  duration_ms: 28.389711
  type: 'test'
  ...
# Subtest: particle work stays bounded when an upcast radius grows fivefold
ok 48 - particle work stays bounded when an upcast radius grows fivefold
  ---
  duration_ms: 3.898182
  type: 'test'
  ...
# Subtest: snapshot removal clears fields immediately without renderer-owned lifetime
ok 49 - snapshot removal clears fields immediately without renderer-owned lifetime
  ---
  duration_ms: 1.803818
  type: 'test'
  ...
# Subtest: four water modes and elemental damage variants have distinct stable artwork
ok 50 - four water modes and elemental damage variants have distinct stable artwork
  ---
  duration_ms: 2.334757
  type: 'test'
  ...
# Subtest: destroyed wall panels disappear and damaged living panels crack
ok 51 - destroyed wall panels disappear and damaged living panels crack
  ---
  duration_ms: 0.312534
  type: 'test'
  ...
# Subtest: alarm maintains exact boundary and culls wrong floors and distant wards
ok 52 - alarm maintains exact boundary and culls wrong floors and distant wards
  ---
  duration_ms: 2.761496
  type: 'test'
  ...
# Subtest: ritual families keep actor art separate and balance channel progress overlays
ok 53 - ritual families keep actor art separate and balance channel progress overlays
  ---
  duration_ms: 1.294613
  type: 'test'
  ...
# Subtest: spatial queries preserve every visible object at boundaries and across floors
ok 54 - spatial queries preserve every visible object at boundaries and across floors
  ---
  duration_ms: 40.224596
  type: 'test'
  ...
# Subtest: FPS measures actual frame timestamps, including slow frames and reset
ok 55 - FPS measures actual frame timestamps, including slow frames and reset
  ---
  duration_ms: 0.294136
  type: 'test'
  ...
# Subtest: motion interpolates evenly and snaps on floor change or distant travel
ok 56 - motion interpolates evenly and snaps on floor change or distant travel
  ---
  duration_ms: 0.419045
  type: 'test'
  ...
# Subtest: picking uses drawn positions, ignores corpses/other floors, selects monsters and players
ok 57 - picking uses drawn positions, ignores corpses/other floors, selects monsters and players
  ---
  duration_ms: 0.416562
  type: 'test'
  ...
# Subtest: owner deltas retain unchanged bags but replace empty lists and never merge other accounts
ok 58 - owner deltas retain unchanged bags but replace empty lists and never merge other accounts
  ---
  duration_ms: 0.267955
  type: 'test'
  ...
# Subtest: surface index gives trails priority, curved segments, ellipse edges and floor stone
ok 59 - surface index gives trails priority, curved segments, ellipse edges and floor stone
  ---
  duration_ms: 0.612271
  type: 'test'
  ...
# Subtest: large monster picking follows species size and ignores other floors
ok 60 - large monster picking follows species size and ignores other floors
  ---
  duration_ms: 0.516152
  type: 'test'
  ...
# Subtest: combat readout explains lower d20, misses, criticals and saving throws
ok 61 - combat readout explains lower d20, misses, criticals and saving throws
  ---
  duration_ms: 1.552063
  type: 'test'
  ...
# Subtest: companion cannot be accidentally selected as a hostile monster
ok 62 - companion cannot be accidentally selected as a hostile monster
  ---
  duration_ms: 0.429656
  type: 'test'
  ...
# Subtest: combat summary exposes actual damage dice and zero save damage
ok 63 - combat summary exposes actual damage dice and zero save damage
  ---
  duration_ms: 1.007535
  type: 'test'
  ...
# Subtest: paginated hotbar keeps twenty-four keys and exposes every unlocked spell
ok 64 - paginated hotbar keeps twenty-four keys and exposes every unlocked spell
  ---
  duration_ms: 0.553913
  type: 'test'
  ...
# Subtest: hotbar pages handle empty lists and exact twenty-four-slot boundaries
ok 65 - hotbar pages handle empty lists and exact twenty-four-slot boundaries
  ---
  duration_ms: 0.196402
  type: 'test'
  ...
# Subtest: status timer distinguishes six hundred rounds from real-world duration
ok 66 - status timer distinguishes six hundred rounds from real-world duration
  ---
  duration_ms: 0.21532
  type: 'test'
  ...
# Subtest: mana budget UI names mixed slot distribution and flexible pool
ok 67 - mana budget UI names mixed slot distribution and flexible pool
  ---
  duration_ms: 0.49155
  type: 'test'
  ...
# Subtest: spell profile overlays owner scaling without mutating the shared catalogue
ok 68 - spell profile overlays owner scaling without mutating the shared catalogue
  ---
  duration_ms: 0.271269
  type: 'test'
  ...
# Subtest: hotbar mana uses selected casting rank, never static base spell cost
ok 69 - hotbar mana uses selected casting rank, never static base spell cost
  ---
  duration_ms: 0.19881
  type: 'test'
  ...
# Subtest: repeating active concentration is free, other spell costs remain payable
ok 70 - repeating active concentration is free, other spell costs remain payable
  ---
  duration_ms: 0.152713
  type: 'test'
  ...
# Subtest: missing locked spell profile falls back to a safe base and empty slots stay empty
ok 71 - missing locked spell profile falls back to a safe base and empty slots stay empty
  ---
  duration_ms: 0.306204
  type: 'test'
  ...
# Subtest: owner delta replaces spell profiles completely and never leaks them across accounts
ok 72 - owner delta replaces spell profiles completely and never leaks them across accounts
  ---
  duration_ms: 0.162164
  type: 'test'
  ...
# Subtest: origin and general option pools are separate and ASI is absent from the feat picker
ok 73 - origin and general option pools are separate and ASI is absent from the feat picker
  ---
  duration_ms: 6.225042
  type: 'test'
  ...
# Subtest: preview validation blocks unavailable feat, ungranted ability, death, combat, polymorph and no class
ok 74 - preview validation blocks unavailable feat, ungranted ability, death, combat, polymorph and no class
  ---
  duration_ms: 0.798121
  type: 'test'
  ...
# Subtest: initial reminder is one free grant, closes per login and disappears on choice
ok 75 - initial reminder is one free grant, closes per login and disappears on choice
  ---
  duration_ms: 0.743147
  type: 'test'
  ...
# Subtest: first reminder is hidden before choosing class or after death and never fabricates a grant
ok 76 - first reminder is hidden before choosing class or after death and never fabricates a grant
  ---
  duration_ms: 0.351202
  type: 'test'
  ...
# Subtest: Initial warrior choice needs no master or points
ok 77 - Initial warrior choice needs no master or points
  ---
  duration_ms: 1.5168
  type: 'test'
  ...
# Subtest: Changing a chosen style requires the master
ok 78 - Changing a chosen style requires the master
  ---
  duration_ms: 0.280763
  type: 'test'
  ...
# Subtest: Dead warriors and active combat cannot change style
ok 79 - Dead warriors and active combat cannot change style
  ---
  duration_ms: 0.14603
  type: 'test'
  ...
# Subtest: No other class receives warrior-style choice
ok 80 - No other class receives warrior-style choice
  ---
  duration_ms: 0.182117
  type: 'test'
  ...
# Subtest: Four mastery/surge effects draw finite commands and balance the canvas stack
ok 81 - Four mastery/surge effects draw finite commands and balance the canvas stack
  ---
  duration_ms: 1.861367
  type: 'test'
  ...
# Subtest: Expired effects do not leave any marks on the canvas
ok 82 - Expired effects do not leave any marks on the canvas
  ---
  duration_ms: 0.24199
  type: 'test'
  ...
# Subtest: Old spell effects remain handled by their original renderer
ok 83 - Old spell effects remain handled by their original renderer
  ---
  duration_ms: 0.301226
  type: 'test'
  ...
# Subtest: Sap and prone overlays are visible only while authoritative status exists
ok 84 - Sap and prone overlays are visible only while authoritative status exists
  ---
  duration_ms: 0.414337
  type: 'test'
  ...
# Subtest: Graze is displayed as miss damage rather than a hit or harmless miss
ok 85 - Graze is displayed as miss damage rather than a hit or harmless miss
  ---
  duration_ms: 2.205704
  type: 'test'
  ...
# Subtest: Google tickets may enter only the exact same-origin game socket
ok 86 - Google tickets may enter only the exact same-origin game socket
  ---
  duration_ms: 1.282441
  type: 'test'
  ...
# Subtest: local HTTP development follows its own port; downloaded HTML cannot use Google
ok 87 - local HTTP development follows its own port; downloaded HTML cannot use Google
  ---
  duration_ms: 0.442247
  type: 'test'
  ...
# Subtest: new Google characters need nickname/class and never transmit a password
ok 88 - new Google characters need nickname/class and never transmit a password
  ---
  duration_ms: 0.675686
  type: 'test'
  ...
# Subtest: legacy claiming is removed even with a correct-looking password
ok 89 - legacy claiming is removed even with a correct-looking password
  ---
  duration_ms: 0.417419
  type: 'test'
  ...
# Subtest: profile builder rejects legacy login mode and missing proof of Google authentication
ok 90 - profile builder rejects legacy login mode and missing proof of Google authentication
  ---
  duration_ms: 0.158943
  type: 'test'
  ...
# Subtest: profile builder rejects invalid nicknames or unknown class IDs before opening a socket
ok 91 - profile builder rejects invalid nicknames or unknown class IDs before opening a socket
  ---
  duration_ms: 1.383728
  type: 'test'
  ...
# Subtest: second-finger swipe keeps joystick movement and survives child capture loss
ok 92 - second-finger swipe keeps joystick movement and survives child capture loss
  ---
  duration_ms: 12.412026
  type: 'test'
  ...
# Subtest: swiping never casts or ghost-clicks; the next tap, mouse and keyboard still cast
ok 93 - swiping never casts or ghost-clicks; the next tap, mouse and keyboard still cast
  ---
  duration_ms: 6.356148
  type: 'test'
  ...
# Subtest: gaps and disabled-slot hit targets scroll; pointer IDs, cancellation and edges stay independent
ok 94 - gaps and disabled-slot hit targets scroll; pointer IDs, cancellation and edges stay independent
  ---
  duration_ms: 0.382399
  type: 'test'
  ...
# Subtest: desktop, mouse and non-overflow rows are not taken over by touch scrolling
ok 95 - desktop, mouse and non-overflow rows are not taken over by touch scrolling
  ---
  duration_ms: 2.565762
  type: 'test'
  ...
# Subtest: grouped projection and book refer to the same slot
ok 96 - grouped projection and book refer to the same slot
  ---
  duration_ms: 2.622953
  type: 'test'
  ...
# Subtest: exhausted transformations are disabled, zero-cost arrow and switch remain valid
ok 97 - exhausted transformations are disabled, zero-cost arrow and switch remain valid
  ---
  duration_ms: 0.381185
  type: 'test'
  ...
# Subtest: archer main button is an arrow, not another activation
ok 98 - archer main button is an arrow, not another activation
  ---
  duration_ms: 2.567732
  type: 'test'
  ...
# Subtest: resource cost text is distinct from zero mana
ok 99 - resource cost text is distinct from zero mana
  ---
  duration_ms: 0.513547
  type: 'test'
  ...
# Subtest: compact potion includes strength and quantity, no zero weapon stats
ok 100 - compact potion includes strength and quantity, no zero weapon stats
  ---
  duration_ms: 3.456477
  type: 'test'
  ...
# Subtest: weapon shows actual personalized rolls without repeating enchantment
ok 101 - weapon shows actual personalized rolls without repeating enchantment
  ---
  duration_ms: 0.510364
  type: 'test'
  ...
# Subtest: armor and resistance use compact concrete descriptions
ok 102 - armor and resistance use compact concrete descriptions
  ---
  duration_ms: 0.455604
  type: 'test'
  ...
# Subtest: requirements display meaningful level but no class wall of text
ok 103 - requirements display meaningful level but no class wall of text
  ---
  duration_ms: 1.607796
  type: 'test'
  ...
# Subtest: all-class supplies need no class wall of text
ok 104 - all-class supplies need no class wall of text
  ---
  duration_ms: 0.434065
  type: 'test'
  ...
# Subtest: no source row until server provides owner-discovered sources
ok 105 - no source row until server provides owner-discovered sources
  ---
  duration_ms: 0.290713
  type: 'test'
  ...
# Subtest: negative window position remains on screen
ok 106 - negative window position remains on screen
  ---
  duration_ms: 2.795128
  type: 'test'
  ...
# Subtest: offscreen close header is clamped to viewport
ok 107 - offscreen close header is clamped to viewport
  ---
  duration_ms: 2.642229
  type: 'test'
  ...
# Subtest: oversized saved window remains reachable on mobile
ok 108 - oversized saved window remains reachable on mobile
  ---
  duration_ms: 5.202587
  type: 'test'
  ...
# Subtest: single line only contains name and the gained HP
ok 109 - single line only contains name and the gained HP
  ---
  duration_ms: 2.200773
  type: 'test'
  ...
# Subtest: each saving throw can be shown independently
ok 110 - each saving throw can be shown independently
  ---
  duration_ms: 0.244548
  type: 'test'
  ...
# Subtest: movement delta retains its units and decimal comma
ok 111 - movement delta retains its units and decimal comma
  ---
  duration_ms: 0.208553
  type: 'test'
  ...
# Subtest: spell unlock is a gain, not before and after
ok 112 - spell unlock is a gain, not before and after
  ---
  duration_ms: 1.675185
  type: 'test'
  ...
# Subtest: compact owner state preserves pending receipts until changed
ok 113 - compact owner state preserves pending receipts until changed
  ---
  duration_ms: 1.435065
  type: 'test'
  ...
# Subtest: authoritative empty queue clears receipt history
ok 114 - authoritative empty queue clears receipt history
  ---
  duration_ms: 0.627258
  type: 'test'
  ...
# Subtest: Polish drop chance percentages
ok 115 - Polish drop chance percentages
  ---
  duration_ms: 23.899939
  type: 'test'
  ...
# Subtest: Loot preview uses canonical item and unconditional chance
ok 116 - Loot preview uses canonical item and unconditional chance
  ---
  duration_ms: 0.340583
  type: 'test'
  ...
# Subtest: Potion previews use potion catalog
ok 117 - Potion previews use potion catalog
  ---
  duration_ms: 0.183217
  type: 'test'
  ...
# Subtest: Unknown species has no invented drops
ok 118 - Unknown species has no invented drops
  ---
  duration_ms: 0.836728
  type: 'test'
  ...
# Subtest: Atlas frame is always bounded for normal movement
ok 119 - Atlas frame is always bounded for normal movement
  ---
  duration_ms: 11.739152
  type: 'test'
  ...
# Subtest: Atlas idle and invalid movement safe default
ok 120 - Atlas idle and invalid movement safe default
  ---
  duration_ms: 0.189074
  type: 'test'
  ...
# Subtest: Atlas four walking frames loop in order
ok 121 - Atlas four walking frames loop in order
  ---
  duration_ms: 0.548113
  type: 'test'
  ...
# Subtest: intermediate pool tooltip does not equate smooth mana with old slots
ok 122 - intermediate pool tooltip does not equate smooth mana with old slots
  ---
  duration_ms: 1.261755
  type: 'test'
  ...
# Subtest: focus remains a separate bonus in the mana tooltip
ok 123 - focus remains a separate bonus in the mana tooltip
  ---
  duration_ms: 0.155716
  type: 'test'
  ...
# Subtest: knight tooltip has real pool and no imaginary next gain
ok 124 - knight tooltip has real pool and no imaginary next gain
  ---
  duration_ms: 0.157074
  type: 'test'
  ...
# Subtest: end cap tooltip does not promise further mana
ok 125 - end cap tooltip does not promise further mana
  ---
  duration_ms: 2.203316
  type: 'test'
  ...
# Subtest: award lines show only each earned delta
ok 126 - award lines show only each earned delta
  ---
  duration_ms: 0.41146
  type: 'test'
  ...
# Subtest: hotbar spell profile uses the server intermediate recovery amount
ok 127 - hotbar spell profile uses the server intermediate recovery amount
  ---
  duration_ms: 0.150929
  type: 'test'
  ...
# Subtest: maneuver preparation stays usable during an action cooldown without paying mana
ok 128 - maneuver preparation stays usable during an action cooldown without paying mana
  ---
  duration_ms: 1.393683
  type: 'test'
  ...
# Subtest: all maneuver buttons share the authoritative remaining dice count
ok 129 - all maneuver buttons share the authoritative remaining dice count
  ---
  duration_ms: 2.351827
  type: 'test'
  ...
# Subtest: zero dice block arming but allow cancelling an already armed maneuver
ok 130 - zero dice block arming but allow cancelling an already armed maneuver
  ---
  duration_ms: 0.175434
  type: 'test'
  ...
# Subtest: locked, dead, transformed, resting and incapacitated heroes cannot toggle maneuvers
ok 131 - locked, dead, transformed, resting and incapacitated heroes cannot toggle maneuvers
  ---
  duration_ms: 1.440247
  type: 'test'
  ...
# Subtest: missing or malformed dice resources never enable an unarmed maneuver
ok 132 - missing or malformed dice resources never enable an unarmed maneuver
  ---
  duration_ms: 0.461787
  type: 'test'
  ...
# Subtest: owner resource updates refresh labels without mutating spell registry or older snapshots
ok 133 - owner resource updates refresh labels without mutating spell registry or older snapshots
  ---
  duration_ms: 0.225411
  type: 'test'
  ...
# Subtest: normal spells keep mana, cooldown and normal cost presentation
ok 134 - normal spells keep mana, cooldown and normal cost presentation
  ---
  duration_ms: 0.309481
  type: 'test'
  ...
# Subtest: archetype previews do not submit choices; promotion, level and explicit acknowledgement are required
ok 135 - archetype previews do not submit choices; promotion, level and explicit acknowledgement are required
  ---
  duration_ms: 12.093976
  type: 'test'
  ...
# Subtest: Battle Master commits exactly three distinct maneuvers in one confirmed packet
ok 136 - Battle Master commits exactly three distinct maneuvers in one confirmed packet
  ---
  duration_ms: 8.43406
  type: 'test'
  ...
# Subtest: local choice and acknowledgement survive refresh but any changed choice needs a fresh acknowledgement
ok 137 - local choice and acknowledgement survive refresh but any changed choice needs a fresh acknowledgement
  ---
  duration_ms: 9.63952
  type: 'test'
  ...
# Subtest: Hunter offers three alternatives and sends only the explicitly selected ability
ok 138 - Hunter offers three alternatives and sends only the explicitly selected ability
  ---
  duration_ms: 3.187802
  type: 'test'
  ...
# Subtest: stale confirmation rechecks death, combat, form, rest, class and server eligibility
ok 139 - stale confirmation rechecks death, combat, form, rest, class and server eligibility
  ---
  duration_ms: 17.754134
  type: 'test'
  ...
# Subtest: malformed selections cannot generate packets or leak another class choice
ok 140 - malformed selections cannot generate packets or leak another class choice
  ---
  duration_ms: 1.654154
  type: 'test'
  ...
# Subtest: active maneuver controls show server-owned dice and send mutually exclusive offense/reaction choices
ok 141 - active maneuver controls show server-owned dice and send mutually exclusive offense/reaction choices
  ---
  duration_ms: 3.5121
  type: 'test'
  ...
# Subtest: unlearned, blocked or stale actions cannot send commands, but an armed empty resource can be cancelled
ok 142 - unlearned, blocked or stale actions cannot send commands, but an armed empty resource can be cancelled
  ---
  duration_ms: 2.713869
  type: 'test'
  ...
# Subtest: resource labels reject malformed dice instead of presenting NaN or invented values
ok 143 - resource labels reject malformed dice instead of presenting NaN or invented values
  ---
  duration_ms: 0.506069
  type: 'test'
  ...
# Subtest: chosen Champion and Hunter show passive abilities without misleading resource controls
ok 144 - chosen Champion and Hunter show passive abilities without misleading resource controls
  ---
  duration_ms: 2.453822
  type: 'test'
  ...
# Subtest: promotion reminder appears only for an available choice and can be dismissed without choosing
ok 145 - promotion reminder appears only for an available choice and can be dismissed without choosing
  ---
  duration_ms: 2.096211
  type: 'test'
  ...
# Subtest: spellbook shows only server-confirmed learned martial abilities
ok 146 - spellbook shows only server-confirmed learned martial abilities
  ---
  duration_ms: 19.56371
  type: 'test'
  ...
# Subtest: each martial effect has distinct finite canvas geometry and restores canvas state
ok 147 - each martial effect has distinct finite canvas geometry and restores canvas state
  ---
  duration_ms: 5.289005
  type: 'test'
  ...
# Subtest: second-finger touch casts on release without click and ignores its compatibility click
ok 148 - second-finger touch casts on release without click and ignores its compatibility click
  ---
  duration_ms: 3.429663
  type: 'test'
  ...
# Subtest: horizontal swipe, changed scroll position and canceled gestures never cast
ok 149 - horizontal swipe, changed scroll position and canceled gestures never cast
  ---
  duration_ms: 0.886545
  type: 'test'
  ...
# Subtest: release outside the button or a newly disabled button does not cast
ok 150 - release outside the button or a newly disabled button does not cast
  ---
  duration_ms: 0.361355
  type: 'test'
  ...
# Subtest: mouse and keyboard clicks still work immediately after a touch
ok 151 - mouse and keyboard clicks still work immediately after a touch
  ---
  duration_ms: 0.327828
  type: 'test'
  ...
# Subtest: touches are independent: canceling one pointer does not discard another tap
ok 152 - touches are independent: canceling one pointer does not discard another tap
  ---
  duration_ms: 0.405606
  type: 'test'
  ...
# Subtest: actual game release handler preserves the joystick when another finger is released
ok 153 - actual game release handler preserves the joystick when another finger is released
  ---
  duration_ms: 4.619591
  type: 'test'
  ...
# Subtest: new layouts start locked; pointer and keyboard cannot move panels
ok 154 - new layouts start locked; pointer and keyboard cannot move panels
  ---
  duration_ms: 17.69779
  type: 'test'
  ...
# Subtest: legacy saved positions and visibility survive default-lock migration
ok 155 - legacy saved positions and visibility survive default-lock migration
  ---
  duration_ms: 10.398501
  type: 'test'
  ...
# Subtest: explicit unlock permits drag and arrow movement, and locking preserves placement
ok 156 - explicit unlock permits drag and arrow movement, and locking preserves placement
  ---
  duration_ms: 16.841579
  type: 'test'
  ...
# Subtest: locking mid-drag releases capture and restores the last committed position
ok 157 - locking mid-drag releases capture and restores the last committed position
  ---
  duration_ms: 5.61111
  type: 'test'
  ...
# Subtest: reset preserves current lock state while clearing positions and hidden panels
ok 158 - reset preserves current lock state while clearing positions and hidden panels
  ---
  duration_ms: 7.472378
  type: 'test'
  ...
# Subtest: mobile unlock permits moving panels and relock preserves separate saved placement
ok 159 - mobile unlock permits moving panels and relock preserves separate saved placement
  ---
  duration_ms: 13.419265
  type: 'test'
  ...
# Subtest: only an explicit boolean false unlocks a stored profile
ok 160 - only an explicit boolean false unlocks a stored profile
  ---
  duration_ms: 27.120971
  type: 'test'
  ...
# Subtest: manual quest replaces atlas navigation and persists separately for myId
ok 161 - manual quest replaces atlas navigation and persists separately for myId
  ---
  duration_ms: 5.219125
  type: 'test'
  ...
# Subtest: another ready quest does not replace an explicitly selected active quest
ok 162 - another ready quest does not replace an explicitly selected active quest
  ---
  duration_ms: 1.061741
  type: 'test'
  ...
# Subtest: first unfinished objective advances to the next and then NPC, preserving fallback coordinates and floors
ok 163 - first unfinished objective advances to the next and then NPC, preserving fallback coordinates and floors
  ---
  duration_ms: 2.936617
  type: 'test'
  ...
# Subtest: claiming the tracked quest ends tracking instead of switching to another quest or landmark
ok 164 - claiming the tracked quest ends tracking instead of switching to another quest or landmark
  ---
  duration_ms: 1.121363
  type: 'test'
  ...
# Subtest: explicit off survives reload and locked or claimed quests cannot be selected
ok 165 - explicit off survives reload and locked or claimed quests cannot be selected
  ---
  duration_ms: 2.068662
  type: 'test'
  ...
# Subtest: Ranger uses per-class authoritative unlocks, including level-five Longstrider
ok 166 - Ranger uses per-class authoritative unlocks, including level-five Longstrider
  ---
  duration_ms: 2.637503
  type: 'test'
  ...
# Subtest: Concentration warning distinguishes preparation from immediate replacement
ok 167 - Concentration warning distinguishes preparation from immediate replacement
  ---
  duration_ms: 1.651893
  type: 'test'
  ...
# Subtest: Live ranger overlays are balanced and finite at all actor scales
ok 168 - Live ranger overlays are balanced and finite at all actor scales
  ---
  duration_ms: 5.021106
  type: 'test'
  ...
# Subtest: Caster concentration and armed intent never draw target overlays on caster
ok 169 - Caster concentration and armed intent never draw target overlays on caster
  ---
  duration_ms: 0.205583
  type: 'test'
  ...
# Subtest: Same target with multiple marks renders one readable symbol
ok 170 - Same target with multiple marks renders one readable symbol
  ---
  duration_ms: 0.175824
  type: 'test'
  ...
# Subtest: No live conditions means no lingering graphic
ok 171 - No live conditions means no lingering graphic
  ---
  duration_ms: 0.145436
  type: 'test'
  ...
# Subtest: New spell uses the same distinct vector icon in both clients
ok 172 - New spell uses the same distinct vector icon in both clients
  ---
  duration_ms: 0.497066
  type: 'test'
  ...
# Subtest: rest UI uses the server gate rather than the twenty-second combat tag
ok 173 - rest UI uses the server gate rather than the twenty-second combat tag
  ---
  duration_ms: 6.696664
  type: 'test'
  ...
# Subtest: rest UI keeps PvP and the last fractional second blocked
ok 174 - rest UI keeps PvP and the last fractional second blocked
  ---
  duration_ms: 0.460248
  type: 'test'
  ...
# Subtest: both rests work in the field unless the server explicitly restricts long rest
ok 175 - both rests work in the field unless the server explicitly restricts long rest
  ---
  duration_ms: 1.367944
  type: 'test'
  ...
# Subtest: active rest exposes progress and suppresses duplicate starts
ok 176 - active rest exposes progress and suppresses duplicate starts
  ---
  duration_ms: 0.385039
  type: 'test'
  ...
# Subtest: rest descriptions follow published server settings
ok 177 - rest descriptions follow published server settings
  ---
  duration_ms: 1.559421
  type: 'test'
  ...
# Subtest: short and long cooldowns are independent and include the last fractional second
ok 178 - short and long cooldowns are independent and include the last fractional second
  ---
  duration_ms: 2.232438
  type: 'test'
  ...
# Subtest: old ring instance resolves actual property description from world catalog
ok 179 - old ring instance resolves actual property description from world catalog
  ---
  duration_ms: 2.042122
  type: 'test'
  ...
# Subtest: ring description is visible even without magic_id and never repeated
ok 180 - ring description is visible even without magic_id and never repeated
  ---
  duration_ms: 0.455791
  type: 'test'
  ...
# Subtest: catalog fallback preserves owner-only sources and live preview
ok 181 - catalog fallback preserves owner-only sources and live preview
  ---
  duration_ms: 0.292524
  type: 'test'
  ...
# Subtest: requested example includes the die and numeric damage, not an unevaluated formula
ok 182 - requested example includes the die and numeric damage, not an unevaluated formula
  ---
  duration_ms: 3.290659
  type: 'test'
  ...
# Subtest: ordinary weapon uses the same sequence
ok 183 - ordinary weapon uses the same sequence
  ---
  duration_ms: 1.378618
  type: 'test'
  ...
# Subtest: multiple dice show their actual faces and subtotal
ok 184 - multiple dice show their actual faces and subtotal
  ---
  duration_ms: 0.219385
  type: 'test'
  ...
# Subtest: critical uses the actual number of dice, modifier only once
ok 185 - critical uses the actual number of dice, modifier only once
  ---
  duration_ms: 1.821197
  type: 'test'
  ...
# Subtest: first wins and tied values keep the server selection
ok 186 - first wins and tied values keep the server selection
  ---
  duration_ms: 2.384948
  type: 'test'
  ...
# Subtest: all k20 checks show dice and numeric arithmetic
ok 187 - all k20 checks show dice and numeric arithmetic
  ---
  duration_ms: 0.954491
  type: 'test'
  ...
# Subtest: negative bonuses are subtraction, never plus-minus
ok 188 - negative bonuses are subtraction, never plus-minus
  ---
  duration_ms: 0.508081
  type: 'test'
  ...
# Subtest: advantage, disadvantage and ties mark the selected recorded face
ok 189 - advantage, disadvantage and ties mark the selected recorded face
  ---
  duration_ms: 0.621746
  type: 'test'
  ...
# Subtest: automatic failures and wards do not invent k20 zero or undefined
ok 190 - automatic failures and wards do not invent k20 zero or undefined
  ---
  duration_ms: 0.981129
  type: 'test'
  ...
# Subtest: lucky shows the second actual d20 and selected total
ok 191 - lucky shows the second actual d20 and selected total
  ---
  duration_ms: 0.683785
  type: 'test'
  ...
# Subtest: Guidance and Precision dice are separate from the fixed bonus
ok 192 - Guidance and Precision dice are separate from the fixed bonus
  ---
  duration_ms: 1.737045
  type: 'test'
  ...
# Subtest: negative Omen is subtracted once
ok 193 - negative Omen is subtracted once
  ---
  duration_ms: 0.144108
  type: 'test'
  ...
# Subtest: missing damage faces never get reconstructed from final damage
ok 194 - missing damage faces never get reconstructed from final damage
  ---
  duration_ms: 0.204673
  type: 'test'
  ...
# Subtest: damage riders are separate dice; modifier is not counted twice
ok 195 - damage riders are separate dice; modifier is not counted twice
  ---
  duration_ms: 0.214278
  type: 'test'
  ...
# Subtest: independent spell dice may use different sides and modifiers
ok 196 - independent spell dice may use different sides and modifiers
  ---
  duration_ms: 0.405816
  type: 'test'
  ...
# Subtest: saved spell and resistance preserve a correct subtotal and the actual final damage
ok 197 - saved spell and resistance preserve a correct subtotal and the actual final damage
  ---
  duration_ms: 0.268943
  type: 'test'
  ...
# Subtest: healing shows the rolled amount and separately the HP cap
ok 198 - healing shows the rolled amount and separately the HP cap
  ---
  duration_ms: 0.113387
  type: 'test'
  ...
# Subtest: flat heals and fixed damage are not labeled as a die
ok 199 - flat heals and fixed damage are not labeled as a die
  ---
  duration_ms: 0.466993
  type: 'test'
  ...
# Subtest: short rest shows every die, healer reroll and total healing
ok 200 - short rest shows every die, healer reroll and total healing
  ---
  duration_ms: 0.205982
  type: 'test'
  ...
# Subtest: style-adjusted dice distinguish rolled faces from applied values
ok 201 - style-adjusted dice distinguish rolled faces from applied values
  ---
  duration_ms: 0.314284
  type: 'test'
  ...
# Subtest: piercer reroll and parry die remain explicit
ok 202 - piercer reroll and parry die remain explicit
  ---
  duration_ms: 0.132561
  type: 'test'
  ...
# Subtest: falsy damage values and invalid dice cannot render NaN or double signs
ok 203 - falsy damage values and invalid dice cannot render NaN or double signs
  ---
  duration_ms: 0.701488
  type: 'test'
  ...
# Subtest: rendering never mutates the authoritative receipt
ok 204 - rendering never mutates the authoritative receipt
  ---
  duration_ms: 0.294123
  type: 'test'
  ...
# Subtest: maximum damage is labeled as a maximum rather than a random throw
ok 205 - maximum damage is labeled as a maximum rather than a random throw
  ---
  duration_ms: 0.558299
  type: 'test'
  ...
# Subtest: Piercer extra critical die stays visible when Savage Attacker already displays its own sets
ok 206 - Piercer extra critical die stays visible when Savage Attacker already displays its own sets
  ---
  duration_ms: 0.247104
  type: 'test'
  ...
# Subtest: a pure dice pool without modifiers does not repeat an identical subtotal
ok 207 - a pure dice pool without modifiers does not repeat an identical subtotal
  ---
  duration_ms: 0.144017
  type: 'test'
  ...
# Subtest: both real rolls and the authoritative selection are visible
ok 208 - both real rolls and the authoritative selection are visible
  ---
  duration_ms: 10.058524
  type: 'test'
  ...
# Subtest: first stays selected when second is worse
ok 209 - first stays selected when second is worse
  ---
  duration_ms: 0.333989
  type: 'test'
  ...
# Subtest: equal rolls still display both and select only the server winner
ok 210 - equal rolls still display both and select only the server winner
  ---
  duration_ms: 0.302536
  type: 'test'
  ...
# Subtest: critical and multi-die weapons show entire sets, not a best-die mixture
ok 211 - critical and multi-die weapons show entire sets, not a best-die mixture
  ---
  duration_ms: 0.515128
  type: 'test'
  ...
# Subtest: style-adjusted lower raw sum is visibly explained without recomputing the winner
ok 212 - style-adjusted lower raw sum is visibly explained without recomputing the winner
  ---
  duration_ms: 0.359789
  type: 'test'
  ...
# Subtest: old server receipts without scored dice stay compatible
ok 213 - old server receipts without scored dice stay compatible
  ---
  duration_ms: 0.493943
  type: 'test'
  ...
# Subtest: misses, spells and invalid receipts do not invent a second roll
ok 214 - misses, spells and invalid receipts do not invent a second roll
  ---
  duration_ms: 0.342401
  type: 'test'
  ...
# Subtest: spell riders and final reductions are separate from the weapon dice comparison
ok 215 - spell riders and final reductions are separate from the weapon dice comparison
  ---
  duration_ms: 0.742487
  type: 'test'
  ...
# Subtest: Horde Breaker cannot overwrite the feat receipt
ok 216 - Horde Breaker cannot overwrite the feat receipt
  ---
  duration_ms: 0.754675
  type: 'test'
  ...
# Subtest: extra attacks, saving throws and concentration keep only one newest feat plus latest result
ok 217 - extra attacks, saving throws and concentration keep only one newest feat plus latest result
  ---
  duration_ms: 0.673565
  type: 'test'
  ...
# Subtest: no duplicate display for an identical latest roll and no stale history
ok 218 - no duplicate display for an identical latest roll and no stale history
  ---
  duration_ms: 0.552057
  type: 'test'
  ...
# Subtest: unknown simulation clock never revives old history
ok 219 - unknown simulation clock never revives old history
  ---
  duration_ms: 0.503417
  type: 'test'
  ...
# Subtest: point-buy consumes exactly27 weighted points and a legal3-point background
ok 220 - point-buy consumes exactly27 weighted points and a legal3-point background
  ---
  duration_ms: 2.265074
  type: 'test'
  ...
# Subtest: point-buy stale confirmation rejects an already chosen build, death, combat and forms
ok 221 - point-buy stale confirmation rejects an already chosen build, death, combat and forms
  ---
  duration_ms: 0.502412
  type: 'test'
  ...
# Subtest: ASI permits +2 or +1/+1 with actual total cap and shared unspent budget
ok 222 - ASI permits +2 or +1/+1 with actual total cap and shared unspent budget
  ---
  duration_ms: 0.878351
  type: 'test'
  ...
# Subtest: ASI sends expected_spent for replay protection rather than trusting a cached counter
ok 223 - ASI sends expected_spent for replay protection rather than trusting a cached counter
  ---
  duration_ms: 1.20852
  type: 'test'
  ...
# Subtest: each skill choice uses only its own authoritative remaining pool and options
ok 224 - each skill choice uses only its own authoritative remaining pool and options
  ---
  duration_ms: 0.323264
  type: 'test'
  ...
# Subtest: origin feat has its own one-time pool, independent of higher-level ASI
ok 225 - origin feat has its own one-time pool, independent of higher-level ASI
  ---
  duration_ms: 0.53239
  type: 'test'
  ...
# Subtest: checks use server eligibility and completed routes remain reusable without awarding a second result
ok 226 - checks use server eligibility and completed routes remain reusable without awarding a second result
  ---
  duration_ms: 0.381525
  type: 'test'
  ...
# Subtest: ability tests are reported as ST and success or failure, never weapon misses
ok 227 - ability tests are reported as ST and success or failure, never weapon misses
  ---
  duration_ms: 1.987619
  type: 'test'
  ...
# Subtest: existing unspent ability choices remind on login without a pending level-up receipt
ok 228 - existing unspent ability choices remind on login without a pending level-up receipt
  ---
  duration_ms: 0.861518
  type: 'test'
  ...
# Subtest: ability reminder dismissal is per character and never fabricates an available choice
ok 229 - ability reminder dismissal is per character and never fabricates an available choice
  ---
  duration_ms: 1.009877
  type: 'test'
  ...
# Subtest: physical row one uses digits 1..0, Minus and Equal
ok 230 - physical row one uses digits 1..0, Minus and Equal
  ---
  duration_ms: 2.520397
  type: 'test'
  ...
# Subtest: F1..F12 occupy row two while adaptive F is not a slot
ok 231 - F1..F12 occupy row two while adaptive F is not a slot
  ---
  duration_ms: 0.319817
  type: 'test'
  ...
# Subtest: labels remain correct for second row and overflow bank
ok 232 - labels remain correct for second row and overflow bank
  ---
  duration_ms: 0.956013
  type: 'test'
  ...
# Subtest: all rendered shapes agree with Python geometry at sampled boundaries
ok 233 - all rendered shapes agree with Python geometry at sampled boundaries
  ---
  duration_ms: 53.481947
  type: 'test'
  ...
# Subtest: three missiles take distinct curved paths and converge at one target
ok 234 - three missiles take distinct curved paths and converge at one target
  ---
  duration_ms: 6.189829
  type: 'test'
  ...
# Subtest: missiles do not produce NaN when actor positions coincide
ok 235 - missiles do not produce NaN when actor positions coincide
  ---
  duration_ms: 0.369164
  type: 'test'
  ...
# Subtest: every current spell draws valid canvas commands and balances save/restore
ok 236 - every current spell draws valid canvas commands and balances save/restore
  ---
  duration_ms: 66.684913
  type: 'test'
  ...
# Subtest: legacy effects remain with the existing renderer
ok 237 - legacy effects remain with the existing renderer
  ---
  duration_ms: 0.54081
  type: 'test'
  ...
# Subtest: all upcast magic missiles have separate curves and converge on the target
ok 238 - all upcast magic missiles have separate curves and converge on the target
  ---
  duration_ms: 1.225561
  type: 'test'
  ...
# Subtest: eleven coincident-origin missiles remain finite at all animation phases
ok 239 - eleven coincident-origin missiles remain finite at all animation phases
  ---
  duration_ms: 1.334428
  type: 'test'
  ...
# Subtest: scaled missile volleys and scorching rays draw all animation phases without canvas imbalance
ok 240 - scaled missile volleys and scorching rays draw all animation phases without canvas imbalance
  ---
  duration_ms: 17.955632
  type: 'test'
  ...
# Subtest: Call Lightning is one received strike; a persistent field never repeats bolts with elapsed wall time
ok 241 - Call Lightning is one received strike; a persistent field never repeats bolts with elapsed wall time
  ---
  duration_ms: 6.314622
  type: 'test'
  ...
# Subtest: All visual families remain finite and balance canvas state at event endpoints
ok 242 - All visual families remain finite and balance canvas state at event endpoints
  ---
  duration_ms: 104.512858
  type: 'test'
  ...
# Subtest: Area fill and final outline retain the exact authoritative ground circle
ok 243 - Area fill and final outline retain the exact authoritative ground circle
  ---
  duration_ms: 2.973893
  type: 'test'
  ...
# Subtest: Bigger fields and malformed shot counts cannot increase the draw workload without bound
ok 244 - Bigger fields and malformed shot counts cannot increase the draw workload without bound
  ---
  duration_ms: 7.869258
  type: 'test'
  ...
# Subtest: Star arrow and both movement spells route through their actual endpoints
ok 245 - Star arrow and both movement spells route through their actual endpoints
  ---
  duration_ms: 0.820393
  type: 'test'
  ...
# Subtest: Upcast binding and party water breathing draw only all transmitted recipients
ok 246 - Upcast binding and party water breathing draw only all transmitted recipients
  ---
  duration_ms: 2.85739
  type: 'test'
  ...
# Subtest: Other effect kinds remain delegated without changing the canvas
ok 247 - Other effect kinds remain delegated without changing the canvas
  ---
  duration_ms: 0.223382
  type: 'test'
  ...
# Subtest: late-granted cantrips and circle-I spells stay in the first matching section
ok 248 - late-granted cantrips and circle-I spells stay in the first matching section
  ---
  duration_ms: 4.198214
  type: 'test'
  ...
# Subtest: class features are in one final section, never between spell circles
ok 249 - class features are in one final section, never between spell circles
  ---
  duration_ms: 0.566275
  type: 'test'
  ...
# Subtest: upcasting cannot move a base circle-I spell to circle-II or create a new group
ok 250 - upcasting cannot move a base circle-I spell to circle-II or create a new group
  ---
  duration_ms: 0.188254
  type: 'test'
  ...
# Subtest: the catalogue is the authority for section rank even with a profile override
ok 251 - the catalogue is the authority for section rank even with a profile override
  ---
  duration_ms: 0.171493
  type: 'test'
  ...
# Subtest: spells are alphabetic inside each circle using Polish collation
ok 252 - spells are alphabetic inside each circle using Polish collation
  ---
  duration_ms: 0.591308
  type: 'test'
  ...
# Subtest: class plus subclass access creates only one row, not two copies
ok 253 - class plus subclass access creates only one row, not two copies
  ---
  duration_ms: 0.252917
  type: 'test'
  ...
# Subtest: visibility and locked-state rules are preserved, and unrelated classes stay hidden
ok 254 - visibility and locked-state rules are preserved, and unrelated classes stay hidden
  ---
  duration_ms: 0.289316
  type: 'test'
  ...
# Subtest: empty or incomplete state does not create empty sections or fail
ok 255 - empty or incomplete state does not create empty sections or fail
  ---
  duration_ms: 0.188121
  type: 'test'
  ...
# Subtest: building sections never mutates the catalogue, profiles or saved hotbar
ok 256 - building sections never mutates the catalogue, profiles or saved hotbar
  ---
  duration_ms: 0.645074
  type: 'test'
  ...
# Subtest: production catalogue: druid/base//1
ok 257 - production catalogue: druid/base//1
  ---
  duration_ms: 1.429255
  type: 'test'
  ...
# Subtest: production catalogue: druid/base//10
ok 258 - production catalogue: druid/base//10
  ---
  duration_ms: 0.511296
  type: 'test'
  ...
# Subtest: production catalogue: druid/base//18
ok 259 - production catalogue: druid/base//18
  ---
  duration_ms: 0.257094
  type: 'test'
  ...
# Subtest: production catalogue: druid/base//20
ok 260 - production catalogue: druid/base//20
  ---
  duration_ms: 0.415835
  type: 'test'
  ...
# Subtest: production catalogue: druid/base//45
ok 261 - production catalogue: druid/base//45
  ---
  duration_ms: 0.351158
  type: 'test'
  ...
# Subtest: production catalogue: druid/base//80
ok 262 - production catalogue: druid/base//80
  ---
  duration_ms: 0.938892
  type: 'test'
  ...
# Subtest: production catalogue: druid/base//100
ok 263 - production catalogue: druid/base//100
  ---
  duration_ms: 0.283052
  type: 'test'
  ...
# Subtest: production catalogue: druid/stars//1
ok 264 - production catalogue: druid/stars//1
  ---
  duration_ms: 0.431758
  type: 'test'
  ...
# Subtest: production catalogue: druid/stars//10
ok 265 - production catalogue: druid/stars//10
  ---
  duration_ms: 0.297188
  type: 'test'
  ...
# Subtest: production catalogue: druid/stars//18
ok 266 - production catalogue: druid/stars//18
  ---
  duration_ms: 0.537292
  type: 'test'
  ...
# Subtest: production catalogue: druid/stars//20
ok 267 - production catalogue: druid/stars//20
  ---
  duration_ms: 0.247947
  type: 'test'
  ...
# Subtest: production catalogue: druid/stars//45
ok 268 - production catalogue: druid/stars//45
  ---
  duration_ms: 0.499465
  type: 'test'
  ...
# Subtest: production catalogue: druid/stars//80
ok 269 - production catalogue: druid/stars//80
  ---
  duration_ms: 0.322443
  type: 'test'
  ...
# Subtest: production catalogue: druid/stars//100
ok 270 - production catalogue: druid/stars//100
  ---
  duration_ms: 0.28575
  type: 'test'
  ...
# Subtest: production catalogue: druid/moon//1
ok 271 - production catalogue: druid/moon//1
  ---
  duration_ms: 0.485976
  type: 'test'
  ...
# Subtest: production catalogue: druid/moon//10
ok 272 - production catalogue: druid/moon//10
  ---
  duration_ms: 0.288647
  type: 'test'
  ...
# Subtest: production catalogue: druid/moon//18
ok 273 - production catalogue: druid/moon//18
  ---
  duration_ms: 0.24225
  type: 'test'
  ...
# Subtest: production catalogue: druid/moon//20
ok 274 - production catalogue: druid/moon//20
  ---
  duration_ms: 0.407892
  type: 'test'
  ...
# Subtest: production catalogue: druid/moon//45
ok 275 - production catalogue: druid/moon//45
  ---
  duration_ms: 0.289908
  type: 'test'
  ...
# Subtest: production catalogue: druid/moon//80
ok 276 - production catalogue: druid/moon//80
  ---
  duration_ms: 0.252082
  type: 'test'
  ...
# Subtest: production catalogue: druid/moon//100
ok 277 - production catalogue: druid/moon//100
  ---
  duration_ms: 0.59523
  type: 'test'
  ...
# Subtest: production catalogue: druid/sea//1
ok 278 - production catalogue: druid/sea//1
  ---
  duration_ms: 0.485123
  type: 'test'
  ...
# Subtest: production catalogue: druid/sea//10
ok 279 - production catalogue: druid/sea//10
  ---
  duration_ms: 0.52428
  type: 'test'
  ...
# Subtest: production catalogue: druid/sea//18
ok 280 - production catalogue: druid/sea//18
  ---
  duration_ms: 0.445954
  type: 'test'
  ...
# Subtest: production catalogue: druid/sea//20
ok 281 - production catalogue: druid/sea//20
  ---
  duration_ms: 0.642922
  type: 'test'
  ...
# Subtest: production catalogue: druid/sea//45
ok 282 - production catalogue: druid/sea//45
  ---
  duration_ms: 0.364191
  type: 'test'
  ...
# Subtest: production catalogue: druid/sea//80
ok 283 - production catalogue: druid/sea//80
  ---
  duration_ms: 0.337435
  type: 'test'
  ...
# Subtest: production catalogue: druid/sea//100
ok 284 - production catalogue: druid/sea//100
  ---
  duration_ms: 0.279599
  type: 'test'
  ...
# Subtest: production catalogue: druid/land/arid/1
ok 285 - production catalogue: druid/land/arid/1
  ---
  duration_ms: 0.222185
  type: 'test'
  ...
# Subtest: production catalogue: druid/land/arid/10
ok 286 - production catalogue: druid/land/arid/10
  ---
  duration_ms: 0.6513
  type: 'test'
  ...
# Subtest: production catalogue: druid/land/arid/18
ok 287 - production catalogue: druid/land/arid/18
  ---
  duration_ms: 0.301843
  type: 'test'
  ...
# Subtest: production catalogue: druid/land/arid/20
ok 288 - production catalogue: druid/land/arid/20
  ---
  duration_ms: 0.322236
  type: 'test'
  ...
# Subtest: production catalogue: druid/land/arid/45
ok 289 - production catalogue: druid/land/arid/45
  ---
  duration_ms: 0.270977
  type: 'test'
  ...
# Subtest: production catalogue: druid/land/arid/80
ok 290 - production catalogue: druid/land/arid/80
  ---
  duration_ms: 0.246337
  type: 'test'
  ...
# Subtest: production catalogue: druid/land/arid/100
ok 291 - production catalogue: druid/land/arid/100
  ---
  duration_ms: 0.768752
  type: 'test'
  ...
# Subtest: production catalogue: druid/land/polar/1
ok 292 - production catalogue: druid/land/polar/1
  ---
  duration_ms: 0.238008
  type: 'test'
  ...
# Subtest: production catalogue: druid/land/polar/10
ok 293 - production catalogue: druid/land/polar/10
  ---
  duration_ms: 0.388187
  type: 'test'
  ...
# Subtest: production catalogue: druid/land/polar/18
ok 294 - production catalogue: druid/land/polar/18
  ---
  duration_ms: 0.292182
  type: 'test'
  ...
# Subtest: production catalogue: druid/land/polar/20
ok 295 - production catalogue: druid/land/polar/20
  ---
  duration_ms: 0.304916
  type: 'test'
  ...
# Subtest: production catalogue: druid/land/polar/45
ok 296 - production catalogue: druid/land/polar/45
  ---
  duration_ms: 0.287897
  type: 'test'
  ...
# Subtest: production catalogue: druid/land/polar/80
ok 297 - production catalogue: druid/land/polar/80
  ---
  duration_ms: 0.237743
  type: 'test'
  ...
# Subtest: production catalogue: druid/land/polar/100
ok 298 - production catalogue: druid/land/polar/100
  ---
  duration_ms: 0.3302
  type: 'test'
  ...
# Subtest: production catalogue: druid/land/temperate/1
ok 299 - production catalogue: druid/land/temperate/1
  ---
  duration_ms: 0.217577
  type: 'test'
  ...
# Subtest: production catalogue: druid/land/temperate/10
ok 300 - production catalogue: druid/land/temperate/10
  ---
  duration_ms: 0.270537
  type: 'test'
  ...
# Subtest: production catalogue: druid/land/temperate/18
ok 301 - production catalogue: druid/land/temperate/18
  ---
  duration_ms: 0.222562
  type: 'test'
  ...
# Subtest: production catalogue: druid/land/temperate/20
ok 302 - production catalogue: druid/land/temperate/20
  ---
  duration_ms: 0.586344
  type: 'test'
  ...
# Subtest: production catalogue: druid/land/temperate/45
ok 303 - production catalogue: druid/land/temperate/45
  ---
  duration_ms: 0.254573
  type: 'test'
  ...
# Subtest: production catalogue: druid/land/temperate/80
ok 304 - production catalogue: druid/land/temperate/80
  ---
  duration_ms: 0.23778
  type: 'test'
  ...
# Subtest: production catalogue: druid/land/temperate/100
ok 305 - production catalogue: druid/land/temperate/100
  ---
  duration_ms: 0.276698
  type: 'test'
  ...
# Subtest: production catalogue: druid/land/tropical/1
ok 306 - production catalogue: druid/land/tropical/1
  ---
  duration_ms: 0.212664
  type: 'test'
  ...
# Subtest: production catalogue: druid/land/tropical/10
ok 307 - production catalogue: druid/land/tropical/10
  ---
  duration_ms: 0.251716
  type: 'test'
  ...
# Subtest: production catalogue: druid/land/tropical/18
ok 308 - production catalogue: druid/land/tropical/18
  ---
  duration_ms: 0.227488
  type: 'test'
  ...
# Subtest: production catalogue: druid/land/tropical/20
ok 309 - production catalogue: druid/land/tropical/20
  ---
  duration_ms: 0.356253
  type: 'test'
  ...
# Subtest: production catalogue: druid/land/tropical/45
ok 310 - production catalogue: druid/land/tropical/45
  ---
  duration_ms: 2.097347
  type: 'test'
  ...
# Subtest: production catalogue: druid/land/tropical/80
ok 311 - production catalogue: druid/land/tropical/80
  ---
  duration_ms: 0.334122
  type: 'test'
  ...
# Subtest: production catalogue: druid/land/tropical/100
ok 312 - production catalogue: druid/land/tropical/100
  ---
  duration_ms: 0.297344
  type: 'test'
  ...
# Subtest: production catalogue: mage/base//1
ok 313 - production catalogue: mage/base//1
  ---
  duration_ms: 0.249869
  type: 'test'
  ...
# Subtest: production catalogue: mage/base//10
ok 314 - production catalogue: mage/base//10
  ---
  duration_ms: 0.165336
  type: 'test'
  ...
# Subtest: production catalogue: mage/base//18
ok 315 - production catalogue: mage/base//18
  ---
  duration_ms: 0.166711
  type: 'test'
  ...
# Subtest: production catalogue: mage/base//20
ok 316 - production catalogue: mage/base//20
  ---
  duration_ms: 0.296025
  type: 'test'
  ...
# Subtest: production catalogue: mage/base//45
ok 317 - production catalogue: mage/base//45
  ---
  duration_ms: 0.212677
  type: 'test'
  ...
# Subtest: production catalogue: mage/base//80
ok 318 - production catalogue: mage/base//80
  ---
  duration_ms: 0.206665
  type: 'test'
  ...
# Subtest: production catalogue: mage/base//100
ok 319 - production catalogue: mage/base//100
  ---
  duration_ms: 0.609794
  type: 'test'
  ...
# Subtest: production catalogue: ranger/base//1
ok 320 - production catalogue: ranger/base//1
  ---
  duration_ms: 0.190444
  type: 'test'
  ...
# Subtest: production catalogue: ranger/base//10
ok 321 - production catalogue: ranger/base//10
  ---
  duration_ms: 0.135068
  type: 'test'
  ...
# Subtest: production catalogue: ranger/base//18
ok 322 - production catalogue: ranger/base//18
  ---
  duration_ms: 0.10471
  type: 'test'
  ...
# Subtest: production catalogue: ranger/base//20
ok 323 - production catalogue: ranger/base//20
  ---
  duration_ms: 0.101799
  type: 'test'
  ...
# Subtest: production catalogue: ranger/base//45
ok 324 - production catalogue: ranger/base//45
  ---
  duration_ms: 0.099353
  type: 'test'
  ...
# Subtest: production catalogue: ranger/base//80
ok 325 - production catalogue: ranger/base//80
  ---
  duration_ms: 0.149884
  type: 'test'
  ...
# Subtest: production catalogue: ranger/base//100
ok 326 - production catalogue: ranger/base//100
  ---
  duration_ms: 0.109666
  type: 'test'
  ...
# Subtest: production catalogue: knight/base//1
ok 327 - production catalogue: knight/base//1
  ---
  duration_ms: 0.101919
  type: 'test'
  ...
# Subtest: production catalogue: knight/base//10
ok 328 - production catalogue: knight/base//10
  ---
  duration_ms: 0.086344
  type: 'test'
  ...
# Subtest: production catalogue: knight/base//18
ok 329 - production catalogue: knight/base//18
  ---
  duration_ms: 0.0741
  type: 'test'
  ...
# Subtest: production catalogue: knight/base//20
ok 330 - production catalogue: knight/base//20
  ---
  duration_ms: 0.077131
  type: 'test'
  ...
# Subtest: production catalogue: knight/base//45
ok 331 - production catalogue: knight/base//45
  ---
  duration_ms: 0.071549
  type: 'test'
  ...
# Subtest: production catalogue: knight/base//80
ok 332 - production catalogue: knight/base//80
  ---
  duration_ms: 0.116391
  type: 'test'
  ...
# Subtest: production catalogue: knight/base//100
ok 333 - production catalogue: knight/base//100
  ---
  duration_ms: 0.081422
  type: 'test'
  ...
# Subtest: status controls let noncasters escape hazards and wake allies without spell access
ok 334 - status controls let noncasters escape hazards and wake allies without spell access
  ---
  duration_ms: 10.434795
  type: 'test'
  ...
# Subtest: web and server classify actual polygon borders, roads and all new landscapes identically
ok 335 - web and server classify actual polygon borders, roads and all new landscapes identically
  ---
  duration_ms: 37823.899302
  type: 'test'
  ...
# Subtest: different blockers in one terrain pocket get separate sprites; repeat frames reuse their own sprite
ok 336 - different blockers in one terrain pocket get separate sprites; repeat frames reuse their own sprite
  ---
  duration_ms: 5.009076
  type: 'test'
  ...
# Subtest: cached relief stays bounded across travel and produces deterministic artwork after clearing
ok 337 - cached relief stays bounded across travel and produces deterministic artwork after clearing
  ---
  duration_ms: 37.693019
  type: 'test'
  ...
# Subtest: druid15 current picker eligibility refreshes when combat expires
ok 338 - druid15 current picker eligibility refreshes when combat expires
  ---
  duration_ms: 6.294872
  type: 'test'
  ...
# Subtest: spent budget or feat removed from the latest snapshot disables confirmation
ok 339 - spent budget or feat removed from the latest snapshot disables confirmation
  ---
  duration_ms: 0.288155
  type: 'test'
  ...
# Subtest: missing or no-longer-eligible attribute does not validate a choice
ok 340 - missing or no-longer-eligible attribute does not validate a choice
  ---
  duration_ms: 0.536584
  type: 'test'
  ...
# Subtest: fresh death transformation and combat gates remain authoritative
ok 341 - fresh death transformation and combat gates remain authoritative
  ---
  duration_ms: 0.314058
  type: 'test'
  ...
# PASS UI20 ferry UI: sufficient gold at level 1; five real locks have explanations.
# Subtest: /mnt/data/bractwo_ui32_work/Bractwo_0.8.18/tests/test_transport_ui20.cjs
ok 33 - /mnt/data/bractwo_ui32_work/Bractwo_0.8.18/tests/test_transport_ui20.cjs
  ---
  duration_ms: 64.27375
  type: 'test'
  ...
# Subtest: owner form overrides stale visuals; explicit empty never resurrects cached form
ok 343 - owner form overrides stale visuals; explicit empty never resurrects cached form
  ---
  duration_ms: 5.431373
  type: 'test'
  ...
# Subtest: legacy fallback uses visuals, then sheet; empty visual overrides older sheet
ok 344 - legacy fallback uses visuals, then sheet; empty visual overrides older sheet
  ---
  duration_ms: 0.698711
  type: 'test'
  ...
# Subtest: active archer has short distinct label, icon and zero-cost arrow action
ok 345 - active archer has short distinct label, icon and zero-cost arrow action
  ---
  duration_ms: 2.000704
  type: 'test'
  ...
# Subtest: bonus cooldown disables arrow without disabling resource-free dismissal
ok 346 - bonus cooldown disables arrow without disabling resource-free dismissal
  ---
  duration_ms: 0.340462
  type: 'test'
  ...
# Subtest: Kielich and Smok main action is dismissal, not another paid activation
ok 347 - Kielich and Smok main action is dismissal, not another paid activation
  ---
  duration_ms: 0.565975
  type: 'test'
  ...
# Subtest: blocked and dead states do not offer dismissal
ok 348 - blocked and dead states do not offer dismissal
  ---
  duration_ms: 0.219524
  type: 'test'
  ...
# Subtest: compact scale is identical before/after fullscreen at a fixed visual viewport scale
ok 349 - compact scale is identical before/after fullscreen at a fixed visual viewport scale
  ---
  duration_ms: 3.797647
  type: 'test'
  ...
# Subtest: browser shrink reset is compensated once for HUD and world
ok 350 - browser shrink reset is compensated once for HUD and world
  ---
  duration_ms: 2.669595
  type: 'test'
  ...
# Subtest: portrait profile is stable; user zoom above 1 remains available
ok 351 - portrait profile is stable; user zoom above 1 remains available
  ---
  duration_ms: 1.958295
  type: 'test'
  ...
# Subtest: offscreen flashes are culled without mutating their lifetime
ok 352 - offscreen flashes are culled without mutating their lifetime
  ---
  duration_ms: 1.393521
  type: 'test'
  ...
# Subtest: beam crossing the viewport is retained with both endpoints outside
ok 353 - beam crossing the viewport is retained with both endpoints outside
  ---
  duration_ms: 0.362218
  type: 'test'
  ...
# Subtest: server area can intersect the viewport when its center is offscreen
ok 354 - server area can intersect the viewport when its center is offscreen
  ---
  duration_ms: 0.20981
  type: 'test'
  ...
# Subtest: descending lightning and chain branches remain visible at the edge
ok 355 - descending lightning and chain branches remain visible at the edge
  ---
  duration_ms: 0.236574
  type: 'test'
  ...
# Subtest: only the server-acknowledged pending spell gets a queue caption
ok 356 - only the server-acknowledged pending spell gets a queue caption
  ---
  duration_ms: 0.786774
  type: 'test'
  ...
# Subtest: ready pending command remains visible until the server executes it
ok 357 - ready pending command remains visible until the server executes it
  ---
  duration_ms: 0.171145
  type: 'test'
  ...
# Subtest: no empty slot or absent player can show a phantom pending spell
ok 358 - no empty slot or absent player can show a phantom pending spell
  ---
  duration_ms: 0.105299
  type: 'test'
  ...
# Subtest: queue label disappears after completion or cancellation
ok 359 - queue label disappears after completion or cancellation
  ---
  duration_ms: 9.405764
  type: 'test'
  ...
# Subtest: hotbar, F and book share the same queue formatter
ok 360 - hotbar, F and book share the same queue formatter
  ---
  duration_ms: 2.515541
  type: 'test'
  ...
# Subtest: wand instruction is determined by actual weapon and mentions manual Space
ok 361 - wand instruction is determined by actual weapon and mentions manual Space
  ---
  duration_ms: 2.036236
  type: 'test'
  ...
# Subtest: native client mirrors the queue and actual weapon instruction
ok 362 - native client mirrors the queue and actual weapon instruction
  ---
  duration_ms: 1.227526
  type: 'test'
  ...
# Subtest: school cards are browsable before promotion but permanent choice needs level, promotion and acknowledgement
ok 363 - school cards are browsable before promotion but permanent choice needs level, promotion and acknowledgement
  ---
  duration_ms: 22.980001
  type: 'test'
  ...
# Subtest: candidate and acknowledgement survive refresh, a different school requires a fresh acknowledgement
ok 364 - candidate and acknowledgement survive refresh, a different school requires a fresh acknowledgement
  ---
  duration_ms: 13.287972
  type: 'test'
  ...
# Subtest: stale confirmation cannot change an already chosen school or select a removed option
ok 365 - stale confirmation cannot change an already chosen school or select a removed option
  ---
  duration_ms: 10.992179
  type: 'test'
  ...
# Subtest: portent uses actual server dice and does not consume a stale or spent value
ok 366 - portent uses actual server dice and does not consume a stale or spent value
  ---
  duration_ms: 8.533882
  type: 'test'
  ...
# Subtest: school spell actions check the current spell readiness and toggles use current state
ok 367 - school spell actions check the current spell readiness and toggles use current state
  ---
  duration_ms: 2.889673
  type: 'test'
  ...
# Subtest: prompt is silent before promotion and exposes school selection after promotion
ok 368 - prompt is silent before promotion and exposes school selection after promotion
  ---
  duration_ms: 1.883352
  type: 'test'
  ...
# Subtest: selection and allied ward guards reject invalid current state
ok 369 - selection and allied ward guards reject invalid current state
  ---
  duration_ms: 2.515888
  type: 'test'
  ...
# Subtest: class feature buttons honor authoritative uses and mana from the current spell profile
ok 370 - class feature buttons honor authoritative uses and mana from the current spell profile
  ---
  duration_ms: 16.160688
  type: 'test'
  ...
# Subtest: spellbook lists only the selected wizard school, with future abilities visibly locked
ok 371 - spellbook lists only the selected wizard school, with future abilities visibly locked
  ---
  duration_ms: 29.24984
  type: 'test'
  ...
# Subtest: school cast and hit art has finite bounded geometry and restores canvas state
ok 372 - school cast and hit art has finite bounded geometry and restores canvas state
  ---
  duration_ms: 42.749841
  type: 'test'
  ...
# Subtest: decoy live overlays follow actor interpolation; expired cast never leaves a stationary echo
ok 373 - decoy live overlays follow actor interpolation; expired cast never leaves a stationary echo
  ---
  duration_ms: 0.86911
  type: 'test'
  ...
# Subtest: shelter uses its stationary server origin and disappears on expiry, logout and floor change
ok 374 - shelter uses its stationary server origin and disappears on expiry, logout and floor change
  ---
  duration_ms: 1.0924
  type: 'test'
  ...
# Subtest: only spectral companions receive illusion art and either facing remains valid
ok 375 - only spectral companions receive illusion art and either facing remains valid
  ---
  duration_ms: 2.727558
  type: 'test'
  ...
# Subtest: ward and third eye render only with active authoritative state
ok 376 - ward and third eye render only with active authoritative state
  ---
  duration_ms: 0.677504
  type: 'test'
  ...
# Subtest: scene wounded_guard uses balanced, finite canvas commands
ok 377 - scene wounded_guard uses balanced, finite canvas commands
  ---
  duration_ms: 6.211534
  type: 'test'
  ...
# Subtest: scene wounded_guard changes visibly after completion
ok 378 - scene wounded_guard changes visibly after completion
  ---
  duration_ms: 10.144372
  type: 'test'
  ...
# Subtest: scene broken_cart uses balanced, finite canvas commands
ok 379 - scene broken_cart uses balanced, finite canvas commands
  ---
  duration_ms: 4.459357
  type: 'test'
  ...
# Subtest: scene broken_cart changes visibly after completion
ok 380 - scene broken_cart changes visibly after completion
  ---
  duration_ms: 5.69698
  type: 'test'
  ...
# Subtest: scene road_dispute uses balanced, finite canvas commands
ok 381 - scene road_dispute uses balanced, finite canvas commands
  ---
  duration_ms: 3.645393
  type: 'test'
  ...
# Subtest: scene road_dispute changes visibly after completion
ok 382 - scene road_dispute changes visibly after completion
  ---
  duration_ms: 0.311284
  type: 'test'
  ...
# Subtest: scene lost_pouch uses balanced, finite canvas commands
ok 383 - scene lost_pouch uses balanced, finite canvas commands
  ---
  duration_ms: 0.86928
  type: 'test'
  ...
# Subtest: scene lost_pouch changes visibly after completion
ok 384 - scene lost_pouch changes visibly after completion
  ---
  duration_ms: 0.38825
  type: 'test'
  ...
# Subtest: scene stolen_supplies uses balanced, finite canvas commands
ok 385 - scene stolen_supplies uses balanced, finite canvas commands
  ---
  duration_ms: 13.925344
  type: 'test'
  ...
# Subtest: scene stolen_supplies changes visibly after completion
ok 386 - scene stolen_supplies changes visibly after completion
  ---
  duration_ms: 5.3967
  type: 'test'
  ...
# Subtest: scene sealed_relic uses balanced, finite canvas commands
ok 387 - scene sealed_relic uses balanced, finite canvas commands
  ---
  duration_ms: 0.333893
  type: 'test'
  ...
# Subtest: scene sealed_relic changes visibly after completion
ok 388 - scene sealed_relic changes visibly after completion
  ---
  duration_ms: 0.17252
  type: 'test'
  ...
# Subtest: scene herbalist uses balanced, finite canvas commands
ok 389 - scene herbalist uses balanced, finite canvas commands
  ---
  duration_ms: 0.554645
  type: 'test'
  ...
# Subtest: scene herbalist changes visibly after completion
ok 390 - scene herbalist changes visibly after completion
  ---
  duration_ms: 0.425576
  type: 'test'
  ...
# Subtest: scene frightened_pony uses balanced, finite canvas commands
ok 391 - scene frightened_pony uses balanced, finite canvas commands
  ---
  duration_ms: 6.872219
  type: 'test'
  ...
# Subtest: scene frightened_pony changes visibly after completion
ok 392 - scene frightened_pony changes visibly after completion
  ---
  duration_ms: 9.710422
  type: 'test'
  ...
# Subtest: new scenes never draw a dice number or a completed tick
ok 393 - new scenes never draw a dice number or a completed tick
  ---
  duration_ms: 24.011121
  type: 'test'
  ...
# Subtest: all scene renderers are distinct, not reused markers
ok 394 - all scene renderers are distinct, not reused markers
  ---
  duration_ms: 7.43004
  type: 'test'
  ...
# Subtest: game routes interactions into conversations and retains real feat/result helpers
ok 395 - game routes interactions into conversations and retains real feat/result helpers
  ---
  duration_ms: 2.484702
  type: 'test'
  ...
# Subtest: event renderer is bundled in an existing served script, not a missing import
ok 396 - event renderer is bundled in an existing served script, not a missing import
  ---
  duration_ms: 1.158992
  type: 'test'
  ...
# Subtest: concave region uses polygon, not rectangular bounds
ok 397 - concave region uses polygon, not rectangular bounds
  ---
  duration_ms: 4.50007
  type: 'test'
  ...
# Subtest: coastal indentation and channel stay ocean while detached island stays land
ok 398 - coastal indentation and channel stay ocean while detached island stays land
  ---
  duration_ms: 0.599695
  type: 'test'
  ...
# Subtest: shared coastline includes boundary edges and old no-coast worlds
ok 399 - shared coastline includes boundary edges and old no-coast worlds
  ---
  duration_ms: 0.762746
  type: 'test'
  ...
# Subtest: polygon terrain footprint differs from legacy ellipse, with safe ellipse support
ok 400 - polygon terrain footprint differs from legacy ellipse, with safe ellipse support
  ---
  duration_ms: 7.225321
  type: 'test'
  ...
# Subtest: surface lookup shares polygon terrain and retains path precedence
ok 401 - surface lookup shares polygon terrain and retains path precedence
  ---
  duration_ms: 0.841101
  type: 'test'
  ...
1..401
# tests 401
# suites 0
# pass 401
# fail 0
# cancelled 0
# skipped 0
# todo 0
# duration_ms 39517.865273
