test_all_old_claims_become_exactly_eight_completed_events (test_world_events_ui32.WorldEvents.test_all_old_claims_become_exactly_eight_completed_events) ... ok
test_claim_survives_save_reload (test_world_events_ui32.WorldEvents.test_claim_survives_save_reload) ... ok
test_completion_is_personal_not_global (test_world_events_ui32.WorldEvents.test_completion_is_personal_not_global) ... ok
test_cure_wounds_respects_selected_higher_circle (test_world_events_ui32.WorldEvents.test_cure_wounds_respects_selected_higher_circle) ... ok
test_distance_and_floor_cannot_be_forged (test_world_events_ui32.WorldEvents.test_distance_and_floor_cannot_be_forged) ... ok
test_each_old_completed_id_prevents_new_group_reward (test_world_events_ui32.WorldEvents.test_each_old_completed_id_prevents_new_group_reward) ... ok
test_eight_accessible_scenes_replace_all_eighteen_ids (test_world_events_ui32.WorldEvents.test_eight_accessible_scenes_replace_all_eighteen_ids) ... ok
test_every_check_choice_resolves_its_scene (test_world_events_ui32.WorldEvents.test_every_check_choice_resolves_its_scene) ... ok
test_failed_bandage_can_be_followed_by_paid_potion (test_world_events_ui32.WorldEvents.test_failed_bandage_can_be_followed_by_paid_potion) ... ok
test_failed_check_can_retry_after_cooldown (test_world_events_ui32.WorldEvents.test_failed_check_can_retry_after_cooldown) ... ok
test_failure_cooldown_prevents_reroll_via_other_check (test_world_events_ui32.WorldEvents.test_failure_cooldown_prevents_reroll_via_other_check) ... ok
test_full_bag_prevents_reward_loss_before_check (test_world_events_ui32.WorldEvents.test_full_bag_prevents_reward_loss_before_check) ... ok
test_guard_is_on_dry_river_bank (test_world_events_ui32.WorldEvents.test_guard_is_on_dry_river_bank) ... ok
test_healing_spell_spends_actual_mana_and_reports_real_dice (test_world_events_ui32.WorldEvents.test_healing_spell_spends_actual_mana_and_reports_real_dice) ... ok
test_hints_need_sight_nearness_and_living_player (test_world_events_ui32.WorldEvents.test_hints_need_sight_nearness_and_living_player) ... ok
test_legacy_alias_packets_do_not_create_separate_claim (test_world_events_ui32.WorldEvents.test_legacy_alias_packets_do_not_create_separate_claim) ... ok
test_level_gate_applies_to_every_choice (test_world_events_ui32.WorldEvents.test_level_gate_applies_to_every_choice) ... ok
test_malformed_packets_cannot_change_progress (test_world_events_ui32.WorldEvents.test_malformed_packets_cannot_change_progress) ... ok
test_malformed_saved_state_is_bounded (test_world_events_ui32.WorldEvents.test_malformed_saved_state_is_bounded) ... ok
test_metadata_does_not_leak_personal_outcomes_or_passive_hints (test_world_events_ui32.WorldEvents.test_metadata_does_not_leak_personal_outcomes_or_passive_hints) ... ok
test_no_potion_is_not_a_free_completion (test_world_events_ui32.WorldEvents.test_no_potion_is_not_a_free_completion) ... ok
test_outcome_timestamp_advances_animation_without_losing_claim (test_world_events_ui32.WorldEvents.test_outcome_timestamp_advances_animation_without_losing_claim) ... ok
test_passive_perception_with_alert_reveals_hint_but_not_reward (test_world_events_ui32.WorldEvents.test_passive_perception_with_alert_reveals_hint_but_not_reward) ... ok
test_player_conditions_reject_without_spending_anything (test_world_events_ui32.WorldEvents.test_player_conditions_reject_without_spending_anything) ... ok
test_potion_removed_without_healing_the_player (test_world_events_ui32.WorldEvents.test_potion_removed_without_healing_the_player) ... ok
test_replay_and_alternate_solutions_do_not_repeat_reward (test_world_events_ui32.WorldEvents.test_replay_and_alternate_solutions_do_not_repeat_reward) ... ok
test_scene_spacing_and_empty_town_square (test_world_events_ui32.WorldEvents.test_scene_spacing_and_empty_town_square) ... ok
test_simultaneous_requests_only_pay_once (test_world_events_ui32.WorldEvents.test_simultaneous_requests_only_pay_once) ... ok
test_spell_class_mana_distance_and_cooldown_are_checked (test_world_events_ui32.WorldEvents.test_spell_class_mana_distance_and_cooldown_are_checked) ... ok
test_actual_origin_and_repeatable_skilled_share_capacity (test_skill_rules_ui28.SkillRules.test_actual_origin_and_repeatable_skilled_share_capacity) ... ok
test_class_and_background_budgets_and_no_per_level_ranks (test_skill_rules_ui28.SkillRules.test_class_and_background_budgets_and_no_per_level_ranks) ... ok
test_class_lists_have_distinct_2024_choices (test_skill_rules_ui28.SkillRules.test_class_lists_have_distinct_2024_choices) ... ok
test_complete_18_skill_ability_mapping (test_skill_rules_ui28.SkillRules.test_complete_18_skill_ability_mapping) ... ok
test_corrupt_saved_state_is_safe_and_bounded (test_skill_rules_ui28.SkillRules.test_corrupt_saved_state_is_safe_and_bounded) ... ok
test_duplicate_skill_never_spends_another_source (test_skill_rules_ui28.SkillRules.test_duplicate_skill_never_spends_another_source) ... ok
test_expertise_cannot_survive_loss_of_training_or_class_gate (test_skill_rules_ui28.SkillRules.test_expertise_cannot_survive_loss_of_training_or_class_gate) ... ok
test_expertise_ranger_gates_and_real_double_bonus (test_skill_rules_ui28.SkillRules.test_expertise_ranger_gates_and_real_double_bonus) ... ok
test_invalid_packets_are_rejected_without_mutation (test_skill_rules_ui28.SkillRules.test_invalid_packets_are_rejected_without_mutation) ... ok
test_knight_druid_do_not_receive_free_expertise (test_skill_rules_ui28.SkillRules.test_knight_druid_do_not_receive_free_expertise) ... ok
test_proficiency_grows_only_on_converted_dnd_milestones (test_skill_rules_ui28.SkillRules.test_proficiency_grows_only_on_converted_dnd_milestones) ... ok
test_public_bonus_api_rejects_unknown_skill_and_ability (test_skill_rules_ui28.SkillRules.test_public_bonus_api_rejects_unknown_skill_and_ability) ... ok
test_sheet_is_complete_consistent_and_does_not_mutate (test_skill_rules_ui28.SkillRules.test_sheet_is_complete_consistent_and_does_not_mutate) ... ok
test_skilled_budget_uses_only_active_feat_instances (test_skill_rules_ui28.SkillRules.test_skilled_budget_uses_only_active_feat_instances) ... ok
test_skilled_cannot_exhaust_unspent_class_choices (test_skill_rules_ui28.SkillRules.test_skilled_cannot_exhaust_unspent_class_choices) ... ok
test_skilled_purchase_reserves_every_unspent_grant (test_skill_rules_ui28.SkillRules.test_skilled_purchase_reserves_every_unspent_grant) ... ok
test_untrained_trained_expertise_and_alternate_ability (test_skill_rules_ui28.SkillRules.test_untrained_trained_expertise_and_alternate_ability) ... ok
test_wizard_scholar_must_be_proficient_in_an_eligible_skill (test_skill_rules_ui28.SkillRules.test_wizard_scholar_must_be_proficient_in_an_eligible_skill) ... ok
test_combat_real_weapon_hit_adds_slasher_but_spell_does_not (test_feats_ui31.FeatIntegration.test_combat_real_weapon_hit_adds_slasher_but_spell_does_not) ... ok
test_crusher_moves_real_enemy_no_boss_or_spell_and_exposes_crit (test_feats_ui31.FeatIntegration.test_crusher_moves_real_enemy_no_boss_or_spell_and_exposes_crit) ... ok
test_new_training_packet_is_replay_safe_and_updates_real_stats (test_feats_ui31.FeatIntegration.test_new_training_packet_is_replay_safe_and_updates_real_stats) ... ok
test_origin_packet_blocked_in_combat_death_form_or_no_class (test_feats_ui31.FeatIntegration.test_origin_packet_blocked_in_combat_death_form_or_no_class) ... ok
test_origin_packet_replay_and_saving_for_existing_character (test_feats_ui31.FeatIntegration.test_origin_packet_replay_and_saving_for_existing_character) ... ok
test_real_pvp_weapon_uses_riders_but_spell_does_not (test_feats_ui31.FeatIntegration.test_real_pvp_weapon_uses_riders_but_spell_does_not) ... ok
test_real_save_lucky_and_remaining_charge_survive_load (test_feats_ui31.FeatIntegration.test_real_save_lucky_and_remaining_charge_survive_load) ... ok
test_shop_charges_discounted_price_and_potion_heals (test_feats_ui31.FeatIntegration.test_shop_charges_discounted_price_and_potion_heals) ... ok
test_slasher_once_per_turn_critical_flags_and_expiry (test_feats_ui31.FeatIntegration.test_slasher_once_per_turn_critical_flags_and_expiry) ... ok
test_war_caster_real_concentration_and_lucky_fallback (test_feats_ui31.FeatIntegration.test_war_caster_real_concentration_and_lucky_fallback) ... ok
test_alert_changes_checks_and_visible_passive_perception (test_feats_ui31.FeatRules.test_alert_changes_checks_and_visible_passive_perception) ... ok
test_attribute_cap_excludes_choices_above_twenty (test_feats_ui31.FeatRules.test_attribute_cap_excludes_choices_above_twenty) ... ok
test_catalog_has_ten_new_feats_seven_initial_choices (test_feats_ui31.FeatRules.test_catalog_has_ten_new_feats_seven_initial_choices) ... ok
test_crafter_rounding_and_no_current_shop_buy_sell_arbitrage (test_feats_ui31.FeatRules.test_crafter_rounding_and_no_current_shop_buy_sell_arbitrage) ... ok
test_each_initial_feat_works_at_one_and_cannot_be_replaced (test_feats_ui31.FeatRules.test_each_initial_feat_works_at_one_and_cannot_be_replaced) ... ok
test_general_prerequisites_and_resilient_proficiency (test_feats_ui31.FeatRules.test_general_prerequisites_and_resilient_proficiency) ... ok
test_healer_potion_and_single_reroll_of_each_hit_die (test_feats_ui31.FeatRules.test_healer_potion_and_single_reroll_of_each_hit_die) ... ok
test_lucky_does_not_spend_for_success_impossible_portent_or_automatic_failure (test_feats_ui31.FeatRules.test_lucky_does_not_spend_for_success_impossible_portent_or_automatic_failure) ... ok
test_lucky_limits_best_result_and_rest (test_feats_ui31.FeatRules.test_lucky_limits_best_result_and_rest) ... ok
test_old_character_gets_unspent_origin_without_touching_advancement (test_feats_ui31.FeatRules.test_old_character_gets_unspent_origin_without_touching_advancement) ... ok
test_piercer_reroll_once_and_critical_extra_die (test_feats_ui31.FeatRules.test_piercer_reroll_once_and_critical_extra_die) ... ok
test_speedy_heavy_armor_forms_and_hard_movement_limit (test_feats_ui31.FeatRules.test_speedy_heavy_armor_forms_and_hard_movement_limit) ... ok
test_constitution_asi_increases_hp_without_using_wildshape_con (test_general_feats_0818.GeneralFeats.test_constitution_asi_increases_hp_without_using_wildshape_con) ... ok
test_heavy_master_requires_heavy_armor_and_attack_physical_damage (test_general_feats_0818.GeneralFeats.test_heavy_master_requires_heavy_armor_and_attack_physical_damage) ... ok
test_medium_master_needs_training_and_dexterity_sixteen (test_general_feats_0818.GeneralFeats.test_medium_master_needs_training_and_dexterity_sixteen) ... ok
test_passives_require_a_point_and_cannot_be_repeated (test_general_feats_0818.GeneralFeats.test_passives_require_a_point_and_cannot_be_repeated) ... ok
test_repeatable_asi_is_serializable_and_caps_each_allocation (test_general_feats_0818.GeneralFeats.test_repeatable_asi_is_serializable_and_caps_each_allocation) ... ok
test_sanitizer_preserves_old_choices_and_rejects_invalid_allocations (test_general_feats_0818.GeneralFeats.test_sanitizer_preserves_old_choices_and_rejects_invalid_allocations) ... ok
test_savage_chooses_a_whole_set_once_per_turn_and_includes_critical_dice (test_general_feats_0818.GeneralFeats.test_savage_chooses_a_whole_set_once_per_turn_and_includes_critical_dice) ... ok
test_savage_style_comparison_happens_before_riders_and_excludes_focus_and_form (test_general_feats_0818.GeneralFeats.test_savage_style_comparison_happens_before_riders_and_excludes_focus_and_form) ... ok
test_tough_uses_effective_level_and_druid_own_hp_in_form (test_general_feats_0818.GeneralFeats.test_tough_uses_effective_level_and_druid_own_hp_in_form) ... ok
test_cooldown_does_not_extend_the_main_attack_and_renews_after_three_seconds (test_horde_breaker_ui31_fix3.HordeBreakerTests.test_cooldown_does_not_extend_the_main_attack_and_renews_after_three_seconds) ... ok
test_does_not_hit_beyond_one_tile_or_spend_the_extra_attack (test_horde_breaker_ui31_fix3.HordeBreakerTests.test_does_not_hit_beyond_one_tile_or_spend_the_extra_attack) ... ok
test_melee_weapon_still_requires_its_own_range (test_horde_breaker_ui31_fix3.HordeBreakerTests.test_melee_weapon_still_requires_its_own_range) ... ok
test_neighbouring_rats_die_and_both_receive_a_bow_shot (test_horde_breaker_ui31_fix3.HordeBreakerTests.test_neighbouring_rats_die_and_both_receive_a_bow_shot) ... ok
test_no_third_target_even_with_two_regular_attacks_at_level_20 (test_horde_breaker_ui31_fix3.HordeBreakerTests.test_no_third_target_even_with_two_regular_attacks_at_level_20) ... ok
test_only_horde_neighbour_radius_changed_and_descriptions_are_plain (test_horde_breaker_ui31_fix3.HordeBreakerTests.test_only_horde_neighbour_radius_changed_and_descriptions_are_plain) ... ok
test_other_floor_wall_and_safe_zone_are_not_bypassed (test_horde_breaker_ui31_fix3.HordeBreakerTests.test_other_floor_wall_and_safe_zone_are_not_bypassed) ... ok
test_primary_miss_can_still_produce_a_successful_second_shot (test_horde_breaker_ui31_fix3.HordeBreakerTests.test_primary_miss_can_still_produce_a_successful_second_shot) ... ok
test_pvp_safety_party_and_uninvolved_players_remain_protected (test_horde_breaker_ui31_fix3.HordeBreakerTests.test_pvp_safety_party_and_uninvolved_players_remain_protected) ... ok
test_savage_attacker_is_still_once_for_the_whole_attack_sequence (test_horde_breaker_ui31_fix3.HordeBreakerTests.test_savage_attacker_is_still_once_for_the_whole_attack_sequence) ... ok
test_second_shot_has_its_own_miss_and_visual_event (test_horde_breaker_ui31_fix3.HordeBreakerTests.test_second_shot_has_its_own_miss_and_visual_event) ... ok
test_secondary_has_to_be_in_bow_range (test_horde_breaker_ui31_fix3.HordeBreakerTests.test_secondary_has_to_be_in_bow_range) ... ok
test_short_and_long_bow_both_qualify (test_horde_breaker_ui31_fix3.HordeBreakerTests.test_short_and_long_bow_both_qualify) ... ok
test_spatially_indexed_world_rats_are_found (test_horde_breaker_ui31_fix3.HordeBreakerTests.test_spatially_indexed_world_rats_are_found) ... ok
test_tough_description_change_does_not_change_its_health_bonus (test_horde_breaker_ui31_fix3.HordeBreakerTests.test_tough_description_change_does_not_change_its_health_bonus) ... ok
test_horde_breaker_preserves_both_sets_in_private_snapshot_when_last_changes (test_savage_feedback_ui31_fix4.ReceiptIntegration.test_horde_breaker_preserves_both_sets_in_private_snapshot_when_last_changes) ... ok
test_two_level_twenty_attacks_do_not_overwrite_the_first_receipt (test_savage_feedback_ui31_fix4.ReceiptIntegration.test_two_level_twenty_attacks_do_not_overwrite_the_first_receipt) ... ok
test_both_sets_are_preserved_for_bows_first_second_tie_and_critical (test_savage_feedback_ui31_fix4.ReceiptRules.test_both_sets_are_preserved_for_bows_first_second_tie_and_critical) ... ok
test_miss_does_not_consume_and_a_second_hit_cannot_roll_again (test_savage_feedback_ui31_fix4.ReceiptRules.test_miss_does_not_consume_and_a_second_hit_cannot_roll_again) ... ok
test_style_scored_sets_make_lower_raw_sum_choice_understandable (test_savage_feedback_ui31_fix4.ReceiptRules.test_style_scored_sets_make_lower_raw_sum_choice_understandable) ... ok
test_attack_save_automatic_spells_include_actual_dice (test_roll_receipts_ui31_fix5.TelemetryIntegration.test_attack_save_automatic_spells_include_actual_dice) ... Executing <Task finished name='Task-276' coro=<TelemetryIntegration.test_attack_save_automatic_spells_include_actual_dice() done, defined at /mnt/data/bractwo_ui32_work/Bractwo_0.8.18/tests/test_roll_receipts_ui31_fix5.py:92> result=None created at /usr/lib/python3.13/asyncio/runners.py:100> took 0.163 seconds
ok
test_guidance_keeps_the_actual_bonus_die_and_d20 (test_roll_receipts_ui31_fix5.TelemetryIntegration.test_guidance_keeps_the_actual_bonus_die_and_d20) ... ok
test_healing_and_potion_show_actual_roll_and_capped_gain (test_roll_receipts_ui31_fix5.TelemetryIntegration.test_healing_and_potion_show_actual_roll_and_capped_gain) ... ok
test_mark_records_its_own_die_without_replacing_the_weapon (test_roll_receipts_ui31_fix5.TelemetryIntegration.test_mark_records_its_own_die_without_replacing_the_weapon) ... ok
test_roll_metadata_is_private_and_serializable (test_roll_receipts_ui31_fix5.TelemetryIntegration.test_roll_metadata_is_private_and_serializable) ... ok
test_short_rest_reports_healer_reroll_and_long_rest_invents_no_dice (test_roll_receipts_ui31_fix5.TelemetryIntegration.test_short_rest_reports_healer_reroll_and_long_rest_invents_no_dice) ... ok
test_user_bow_example_exposes_two_d8_results_and_only_one_modifier (test_roll_receipts_ui31_fix5.TelemetryIntegration.test_user_bow_example_exposes_two_d8_results_and_only_one_modifier) ... ok
test_extra_rolls_are_copied_without_mutating_or_rerolling (test_roll_receipts_ui31_fix5.TelemetryRules.test_extra_rolls_are_copied_without_mutating_or_rerolling) ... ok
test_healer_receipt_has_both_faces_without_extra_rng_calls (test_roll_receipts_ui31_fix5.TelemetryRules.test_healer_receipt_has_both_faces_without_extra_rng_calls) ... ok
test_maximized_damage_is_explicit_and_does_not_call_rng (test_roll_receipts_ui31_fix5.TelemetryRules.test_maximized_damage_is_explicit_and_does_not_call_rng) ... ok
test_optional_receipts_do_not_change_old_rest_die_callers (test_roll_receipts_ui31_fix5.TelemetryRules.test_optional_receipts_do_not_change_old_rest_die_callers) ... ok
test_roll_type_and_critical_count_preserve_exact_rng_calls (test_roll_receipts_ui31_fix5.TelemetryRules.test_roll_type_and_critical_count_preserve_exact_rng_calls) ... ok
test_champion_critical_weapon_only_and_promotion_gate (test_martial_combat_ui26.MartialCombatTests.test_champion_critical_weapon_only_and_promotion_gate) ... ok
test_champion_nineteen_hits_even_impossible_ac_and_scales (test_martial_combat_ui26.MartialCombatTests.test_champion_nineteen_hits_even_impossible_ac_and_scales) ... ok
test_colossus_excludes_spells_and_focus (test_martial_combat_ui26.MartialCombatTests.test_colossus_excludes_spells_and_focus) ... ok
test_colossus_requires_prehit_wound_and_once_per_turn_critical (test_martial_combat_ui26.MartialCombatTests.test_colossus_requires_prehit_wound_and_once_per_turn_critical) ... ok
test_fear_disadvantages_ability_checks_and_forced_movement_allowed (test_martial_combat_ui26.MartialCombatTests.test_fear_disadvantages_ability_checks_and_forced_movement_allowed) ... ok
test_giant_killer_after_hit_or_miss_once_reaction_within_five_feet (test_martial_combat_ui26.MartialCombatTests.test_giant_killer_after_hit_or_miss_once_reaction_within_five_feet) ... ok
test_giant_killer_rejects_small_distant_hidden_dead_and_save_sources (test_martial_combat_ui26.MartialCombatTests.test_giant_killer_rejects_small_distant_hidden_dead_and_save_sources) ... ok
test_horde_after_miss_separate_roll_once_and_same_weapon (test_martial_combat_ui26.MartialCombatTests.test_horde_after_miss_separate_roll_once_and_same_weapon) ... ok
test_horde_checks_secondary_weapon_range_and_wall (test_martial_combat_ui26.MartialCombatTests.test_horde_checks_secondary_weapon_range_and_wall) ... ok
test_horde_does_not_attack_uninvolved_party_safe_or_different_floor_players (test_martial_combat_ui26.MartialCombatTests.test_horde_does_not_attack_uninvolved_party_safe_or_different_floor_players) ... ok
test_horde_one_tile_limit_and_no_third_attack (test_martial_combat_ui26.MartialCombatTests.test_horde_one_tile_limit_and_no_third_attack) ... ok
test_menacing_status_immune_save_and_exact_duration (test_martial_combat_ui26.MartialCombatTests.test_menacing_status_immune_save_and_exact_duration) ... ok
test_parry_covers_melee_spell_attack_and_mixed_damage_only_once (test_martial_combat_ui26.MartialCombatTests.test_parry_covers_melee_spell_attack_and_mixed_damage_only_once) ... ok
test_parry_excludes_miss_ranged_saves_and_no_reaction (test_martial_combat_ui26.MartialCombatTests.test_parry_excludes_miss_ranged_saves_and_no_reaction) ... ok
test_parry_reduces_melee_before_resistance_uses_reaction_and_die (test_martial_combat_ui26.MartialCombatTests.test_parry_reduces_melee_before_resistance_uses_reaction_and_die) ... ok
test_precision_before_shield_cannot_spend_again (test_martial_combat_ui26.MartialCombatTests.test_precision_before_shield_cannot_spend_again) ... ok
test_precision_cannot_add_twice_or_supply_extra_damage (test_martial_combat_ui26.MartialCombatTests.test_precision_cannot_add_twice_or_supply_extra_damage) ... ok
test_precision_converts_miss_rolls_damage_once_and_spends_one (test_martial_combat_ui26.MartialCombatTests.test_precision_converts_miss_rolls_damage_once_and_spends_one) ... ok
test_precision_keeps_preparation_on_hit_or_natural_one_and_excludes_spells (test_martial_combat_ui26.MartialCombatTests.test_precision_keeps_preparation_on_hit_or_natural_one_and_excludes_spells) ... ok
test_precision_resolves_after_shield_with_correct_new_damage (test_martial_combat_ui26.MartialCombatTests.test_precision_resolves_after_shield_with_correct_new_damage) ... ok
test_reactive_attacks_enforce_depth_failsafe_and_exclude_companions (test_martial_combat_ui26.MartialCombatTests.test_reactive_attacks_enforce_depth_failsafe_and_exclude_companions) ... ok
test_riposte_hit_adds_die_and_does_not_use_armed_offense (test_martial_combat_ui26.MartialCombatTests.test_riposte_hit_adds_die_and_does_not_use_armed_offense) ... ok
test_riposte_melee_miss_rolls_independent_attack_without_main_action (test_martial_combat_ui26.MartialCombatTests.test_riposte_melee_miss_rolls_independent_attack_without_main_action) ... ok
test_riposte_validates_weapon_range_visibility_floor_safety_and_state (test_martial_combat_ui26.MartialCombatTests.test_riposte_validates_weapon_range_visibility_floor_safety_and_state) ... ok
test_trip_adds_die_and_save_uses_strength_or_dexterity (test_martial_combat_ui26.MartialCombatTests.test_trip_adds_die_and_save_uses_strength_or_dexterity) ... ok
test_trip_critical_doubles_superiority_die (test_martial_combat_ui26.MartialCombatTests.test_trip_critical_doubles_superiority_die) ... ok
test_trip_huge_target_gets_damage_without_prone_or_save (test_martial_combat_ui26.MartialCombatTests.test_trip_huge_target_gets_damage_without_prone_or_save) ... ok
test_choices_require_level_promotion_and_correct_class (test_martial_state_ui26.MartialStateUI26.test_choices_require_level_promotion_and_correct_class) ... ok
test_controls_validate_known_kind_and_pool_and_do_not_spend_on_arm (test_martial_state_ui26.MartialStateUI26.test_controls_validate_known_kind_and_pool_and_do_not_spend_on_arm) ... ok
test_corrupted_saved_state_is_safe_and_cannot_refill (test_martial_state_ui26.MartialStateUI26.test_corrupted_saved_state_is_safe_and_cannot_refill) ... ok
test_invalid_maneuver_and_prey_packets_are_atomic (test_martial_state_ui26.MartialStateUI26.test_invalid_maneuver_and_prey_packets_are_atomic) ... ok
test_permanent_atomic_choices_and_free_after_promotion (test_martial_state_ui26.MartialStateUI26.test_permanent_atomic_choices_and_free_after_promotion) ... ok
test_reload_preserves_spent_and_turns_but_resets_preparations (test_martial_state_ui26.MartialStateUI26.test_reload_preserves_spent_and_turns_but_resets_preparations) ... ok
test_resources_private_hotbar_learned_only_and_champion_sheet (test_martial_state_ui26.MartialStateUI26.test_resources_private_hotbar_learned_only_and_champion_sheet) ... ok
test_scaling_and_level_receipts (test_martial_state_ui26.MartialStateUI26.test_scaling_and_level_receipts) ... ok
test_selection_blocks_combat_rest_death_form_channel (test_martial_state_ui26.MartialStateUI26.test_selection_blocks_combat_rest_death_form_channel) ... ok
test_short_and_long_rest_restore_pool_but_cancelled_rest_does_not (test_martial_state_ui26.MartialStateUI26.test_short_and_long_rest_restore_pool_but_cancelled_rest_does_not) ... ok

----------------------------------------------------------------------
Ran 147 tests in 17.782s

OK
